14:20:55 [INFO] train_game: [launcher] profile=_v28_pilot_tau0.30.yaml game=Mario 1-1 v28 PILOT tau0.30 num_envs=60 iters=2 resume=True
14:20:55 [INFO] src.training.trainer: [trainer] macOS malloc_zone_pressure_relief bound (all zones)
14:20:55 [INFO] src.training.trainer: Deterministic seed set: 0
14:20:55 [INFO] src.training.trainer: ROM roms/Super Mario Bros. (World).nes loaded: md5=8e3630186e35d477231bf8fd50e54cdd mapper=0 nes2.0=False. Add 'expected_md5: 8e3630186e35d477231bf8fd50e54cdd' to the profile to lock.
14:20:55 [INFO] src.training.trainer: Tile mode active: encoder=smb_tiles_pos, base_feature_dim=178, frame_stack=4, total_feature_dim=712
14:20:55 [INFO] src.training.trainer: Using device: cpu
14:20:55 [INFO] src.training.trainer: CPU device: capped torch intra-op threads to 1 (default 12) — small-tensor thread sync costs more than the math
14:20:55 [INFO] train_game: [launcher] checkpoint_dir = checkpoints/mario_1_1_v28_pilot_tau0_30
14:20:55 [INFO] train_game: [launcher] wrote run manifest: checkpoints/mario_1_1_v28_pilot_tau0_30/run_manifest.json
14:20:55 [INFO] src.training.trainer: [startup] metrics log reset + previous run archived: 0.00s
14:20:55 [INFO] src.training.trainer: [startup] audio mixer built: 0.00s
14:20:55 [INFO] src.training.trainer: [startup] pre-GA: 0.00s
14:20:55 [INFO] src.training.trainer: [policy] class=TilePolicyNetwork params=72039 (hidden=96, trunk/gru=32, features=712, actions=6)
14:20:55 [INFO] src.training.trainer: [policy] class=TilePolicyNetwork params=72039 (hidden=96, trunk/gru=32, features=712, actions=6)
14:20:55 [INFO] src.training.trainer: [policy] class=TilePolicyNetwork params=72039 (hidden=96, trunk/gru=32, features=712, actions=6)
14:20:55 [INFO] src.training.trainer: [policy] class=TilePolicyNetwork params=72039 (hidden=96, trunk/gru=32, features=712, actions=6)
14:20:55 [INFO] src.training.trainer: [policy] class=TilePolicyNetwork params=72039 (hidden=96, trunk/gru=32, features=712, actions=6)
14:20:55 [INFO] src.training.trainer: [policy] class=TilePolicyNetwork params=72039 (hidden=96, trunk/gru=32, features=712, actions=6)
14:20:55 [INFO] src.training.trainer: [policy] class=TilePolicyNetwork params=72039 (hidden=96, trunk/gru=32, features=712, actions=6)
14:20:55 [INFO] src.training.trainer: [policy] class=TilePolicyNetwork params=72039 (hidden=96, trunk/gru=32, features=712, actions=6)
14:20:55 [INFO] src.training.trainer: [policy] class=TilePolicyNetwork params=72039 (hidden=96, trunk/gru=32, features=712, actions=6)
14:20:55 [INFO] src.training.trainer: [policy] class=TilePolicyNetwork params=72039 (hidden=96, trunk/gru=32, features=712, actions=6)
14:20:55 [INFO] src.training.trainer: [policy] class=TilePolicyNetwork params=72039 (hidden=96, trunk/gru=32, features=712, actions=6)
14:20:55 [INFO] src.training.trainer: [policy] class=TilePolicyNetwork params=72039 (hidden=96, trunk/gru=32, features=712, actions=6)
14:20:55 [INFO] src.training.trainer: [policy] class=TilePolicyNetwork params=72039 (hidden=96, trunk/gru=32, features=712, actions=6)
14:20:55 [INFO] src.training.trainer: [policy] class=TilePolicyNetwork params=72039 (hidden=96, trunk/gru=32, features=712, actions=6)
14:20:55 [INFO] src.training.trainer: [policy] class=TilePolicyNetwork params=72039 (hidden=96, trunk/gru=32, features=712, actions=6)
14:20:55 [INFO] src.training.trainer: [policy] class=TilePolicyNetwork params=72039 (hidden=96, trunk/gru=32, features=712, actions=6)
14:20:55 [INFO] src.training.trainer: [policy] class=TilePolicyNetwork params=72039 (hidden=96, trunk/gru=32, features=712, actions=6)
14:20:55 [INFO] src.training.trainer: [policy] class=TilePolicyNetwork params=72039 (hidden=96, trunk/gru=32, features=712, actions=6)
14:20:55 [INFO] src.training.trainer: [policy] class=TilePolicyNetwork params=72039 (hidden=96, trunk/gru=32, features=712, actions=6)
14:20:55 [INFO] src.training.trainer: [policy] class=TilePolicyNetwork params=72039 (hidden=96, trunk/gru=32, features=712, actions=6)
14:20:55 [INFO] src.training.trainer: [policy] class=TilePolicyNetwork params=72039 (hidden=96, trunk/gru=32, features=712, actions=6)
14:20:55 [INFO] src.training.trainer: [policy] class=TilePolicyNetwork params=72039 (hidden=96, trunk/gru=32, features=712, actions=6)
14:20:55 [INFO] src.training.trainer: [policy] class=TilePolicyNetwork params=72039 (hidden=96, trunk/gru=32, features=712, actions=6)
14:20:55 [INFO] src.training.trainer: [policy] class=TilePolicyNetwork params=72039 (hidden=96, trunk/gru=32, features=712, actions=6)
14:20:55 [INFO] src.training.trainer: [policy] class=TilePolicyNetwork params=72039 (hidden=96, trunk/gru=32, features=712, actions=6)
14:20:55 [INFO] src.training.trainer: [policy] class=TilePolicyNetwork params=72039 (hidden=96, trunk/gru=32, features=712, actions=6)
14:20:55 [INFO] src.training.trainer: [policy] class=TilePolicyNetwork params=72039 (hidden=96, trunk/gru=32, features=712, actions=6)
14:20:55 [INFO] src.training.trainer: [policy] class=TilePolicyNetwork params=72039 (hidden=96, trunk/gru=32, features=712, actions=6)
14:20:55 [INFO] src.training.trainer: [policy] class=TilePolicyNetwork params=72039 (hidden=96, trunk/gru=32, features=712, actions=6)
14:20:55 [INFO] src.training.trainer: [policy] class=TilePolicyNetwork params=72039 (hidden=96, trunk/gru=32, features=712, actions=6)
14:20:55 [INFO] src.training.trainer: [policy] class=TilePolicyNetwork params=72039 (hidden=96, trunk/gru=32, features=712, actions=6)
14:20:55 [INFO] src.training.trainer: [policy] class=TilePolicyNetwork params=72039 (hidden=96, trunk/gru=32, features=712, actions=6)
14:20:55 [INFO] src.training.trainer: [policy] class=TilePolicyNetwork params=72039 (hidden=96, trunk/gru=32, features=712, actions=6)
14:20:55 [INFO] src.training.trainer: [policy] class=TilePolicyNetwork params=72039 (hidden=96, trunk/gru=32, features=712, actions=6)
14:20:55 [INFO] src.training.trainer: [policy] class=TilePolicyNetwork params=72039 (hidden=96, trunk/gru=32, features=712, actions=6)
14:20:55 [INFO] src.training.trainer: [policy] class=TilePolicyNetwork params=72039 (hidden=96, trunk/gru=32, features=712, actions=6)
14:20:55 [INFO] src.training.trainer: [policy] class=TilePolicyNetwork params=72039 (hidden=96, trunk/gru=32, features=712, actions=6)
14:20:55 [INFO] src.training.trainer: [policy] class=TilePolicyNetwork params=72039 (hidden=96, trunk/gru=32, features=712, actions=6)
14:20:55 [INFO] src.training.trainer: [policy] class=TilePolicyNetwork params=72039 (hidden=96, trunk/gru=32, features=712, actions=6)
14:20:55 [INFO] src.training.trainer: [policy] class=TilePolicyNetwork params=72039 (hidden=96, trunk/gru=32, features=712, actions=6)
14:20:55 [INFO] src.training.trainer: [policy] class=TilePolicyNetwork params=72039 (hidden=96, trunk/gru=32, features=712, actions=6)
14:20:55 [INFO] src.training.trainer: [policy] class=TilePolicyNetwork params=72039 (hidden=96, trunk/gru=32, features=712, actions=6)
14:20:55 [INFO] src.training.trainer: [policy] class=TilePolicyNetwork params=72039 (hidden=96, trunk/gru=32, features=712, actions=6)
14:20:55 [INFO] src.training.trainer: [policy] class=TilePolicyNetwork params=72039 (hidden=96, trunk/gru=32, features=712, actions=6)
14:20:55 [INFO] src.training.trainer: [policy] class=TilePolicyNetwork params=72039 (hidden=96, trunk/gru=32, features=712, actions=6)
14:20:55 [INFO] src.training.trainer: [policy] class=TilePolicyNetwork params=72039 (hidden=96, trunk/gru=32, features=712, actions=6)
14:20:55 [INFO] src.training.trainer: [policy] class=TilePolicyNetwork params=72039 (hidden=96, trunk/gru=32, features=712, actions=6)
14:20:55 [INFO] src.training.trainer: [policy] class=TilePolicyNetwork params=72039 (hidden=96, trunk/gru=32, features=712, actions=6)
14:20:55 [INFO] src.training.trainer: [policy] class=TilePolicyNetwork params=72039 (hidden=96, trunk/gru=32, features=712, actions=6)
14:20:55 [INFO] src.training.trainer: [policy] class=TilePolicyNetwork params=72039 (hidden=96, trunk/gru=32, features=712, actions=6)
14:20:55 [INFO] src.training.trainer: [policy] class=TilePolicyNetwork params=72039 (hidden=96, trunk/gru=32, features=712, actions=6)
14:20:55 [INFO] src.training.trainer: [policy] class=TilePolicyNetwork params=72039 (hidden=96, trunk/gru=32, features=712, actions=6)
14:20:55 [INFO] src.training.trainer: [policy] class=TilePolicyNetwork params=72039 (hidden=96, trunk/gru=32, features=712, actions=6)
14:20:55 [INFO] src.training.trainer: [policy] class=TilePolicyNetwork params=72039 (hidden=96, trunk/gru=32, features=712, actions=6)
14:20:55 [INFO] src.training.trainer: [policy] class=TilePolicyNetwork params=72039 (hidden=96, trunk/gru=32, features=712, actions=6)
14:20:55 [INFO] src.training.trainer: [policy] class=TilePolicyNetwork params=72039 (hidden=96, trunk/gru=32, features=712, actions=6)
14:20:55 [INFO] src.training.trainer: [policy] class=TilePolicyNetwork params=72039 (hidden=96, trunk/gru=32, features=712, actions=6)
14:20:55 [INFO] src.training.trainer: [policy] class=TilePolicyNetwork params=72039 (hidden=96, trunk/gru=32, features=712, actions=6)
14:20:55 [INFO] src.training.trainer: [policy] class=TilePolicyNetwork params=72039 (hidden=96, trunk/gru=32, features=712, actions=6)
14:20:55 [INFO] src.training.trainer: [policy] class=TilePolicyNetwork params=72039 (hidden=96, trunk/gru=32, features=712, actions=6)
14:20:55 [INFO] src.training.trainer: [startup] GA init / resume: 0.10s
[nes_core::Pool] start state runs/live_show/smb_4_4_micro/entrance_start.state: NCST binary format (21159 body bytes, 1 prefix strips)
14:20:55 [INFO] src.training.trainer: Pool headless=ON (no frame sink) — skipping RGB frame render; policy obs (RAM / preprocessed) unaffected.
14:20:55 [INFO] src.training.trainer: Pool skip_preprocess=ON (tile mode) — skipping the 84x84 gray+resize kernel; policy reads RAM (ram_snapshot).
14:20:55 [INFO] src.training.trainer: Pool panic_isolation=OFF — production fast path. Worker panics may abort the process.
14:20:55 [INFO] src.training.trainer: [startup] pool.start (workers spawned): 0.00s
14:20:55 [INFO] src.training.trainer: [startup] reset_all (first frames published): 0.01s
14:20:55 [INFO] src.training.trainer: [startup] ready — beginning training
14:20:55 [INFO] src.training.trainer: [policy] class=TilePolicyNetwork params=72039 (hidden=96, trunk/gru=32, features=712, actions=6)
14:20:55 [INFO] src.training.exploration_controller: [vanilla_ppo] RND enabled (tile_mlp): predictor=116544 params, intrinsic_coef=0.100, loss_coef=1.000
14:20:56 [INFO] src.training.trainer: [redo] ENABLED tau=0.3 every_iters=1 scope=fc1,fc2 sample=4096 reset_moments=true
14:20:56 [INFO] src.training.checkpoint_manager: [vanilla_ppo] wrote run manifest: checkpoints/mario_1_1_v28_pilot_tau0_30/run_manifest.json
14:20:56 [INFO] src.training.trainer: [vanilla_ppo] curriculum starting fresh at stage 0 (all envs train 1-1; advance when rolling-mean clear fraction over 5 iters >= 50%)
14:20:56 [INFO] src.training.trainer: [backward] ENABLED: 785 states (15 MB) from checkpoints/backward_states/1-1-v27 | tau0=784 window=160 frames (40 entries) advance=+40 entries at >=0.20 over 30 attempts | entrance_weight=1.00
14:20:56 [INFO] src.training.trainer: [vanilla_ppo] STICKY TRAINING on: p=0.25 (executed-action log-probs; eval protocol parity) boundary_reset=True
14:21:20 [INFO] src.training.trainer: [redo] iter 0: dormant fc1 0/96 fc2 6/32 recycled 6 cum 6 agree 0.8308 max_dlogit 0.107326
14:21:20 [INFO] src.training.trainer: [vanilla_ppo] iter 0: completed_eps=125  mean_return=691.5  mean_len=332.3  in_progress=60  ip_return=528.2  ip_len=331.6  clears=117  loss=4.5478  policy=0.0075  value=18.1756  entropy=1.7792
14:21:20 [INFO] src.training.trainer: [vanilla_ppo] iter 0 throughput: 2488 env-steps/s | 9953 NES-fps | 166x realtime | 24.69 s/iter
14:21:20 [INFO] src.training.trainer: [backward] iter 0: tau=744/784 (step 717 frame 2868 gx 2928) trailing 0/0=0.00 (advance at >=0.20 over 30) advances=1 | entrance 0/0=0.000 | truncated 0
14:21:45 [INFO] src.training.trainer: [redo] iter 1: dormant fc1 1/96 fc2 12/32 recycled 13 cum 19 agree 0.8452 max_dlogit 0.252074
14:21:45 [INFO] src.training.trainer: [vanilla_ppo] iter 1: completed_eps=121  mean_return=747.0  mean_len=366.6  in_progress=60  ip_return=748.9  ip_len=284.6  clears=123  loss=3.9318  policy=0.0615  value=15.5034  entropy=1.7518
14:21:45 [INFO] src.training.trainer: [vanilla_ppo] iter 1 throughput: 2512 env-steps/s | 10049 NES-fps | 167x realtime | 24.46 s/iter
14:21:45 [INFO] src.training.trainer: [backward] iter 1: tau=664/784 (step 637 frame 2548 gx 2602) trailing 0/30=0.00 (advance at >=0.20 over 30) advances=3 | entrance 0/3=0.000 | truncated 8
