[go_explore_solve] progress source: PPU scroll odometer (axis x)
[seed] RESUMED archive from runs/rygar_odo_v2: 1334 cells, 1334 traces, max_area=0, max_sect=0, c_local=495
[seed] rooted at roms/Rygar (USA)_start.state.bin wd=() lives=1 area=0; archive={"cells": 1334, "frontier": 839, "best_score": 5552, "records": 1, "new_cells": 1, "improvements": 0}
[go_explore_solve] {"t": "2026-08-23T18:57:09", "elapsed_s": 60, "cells": 1375, "max_area": 0, "max_gx_in_max_area": 5616, "max_sect": 0, "solutions": 0, "best_sol_actions": null, "steps": 127270, "sps": 2121, "stall_flat_windows": 0, "c_local": 507, "c_local_band": 93, "c_local_delta": null, "c_local_band_delta": null, "c_local_elasticity": null}
[go_explore_solve] {"t": "2026-08-23T18:58:09", "elapsed_s": 120, "cells": 1386, "max_area": 0, "max_gx_in_max_area": 5680, "max_sect": 0, "solutions": 0, "best_sol_actions": null, "steps": 254540, "sps": 2121, "stall_flat_windows": 0, "c_local": 511, "c_local_band": 85, "c_local_delta": 4, "c_local_band_delta": -8, "c_local_elasticity": 0.9862}
[go_explore_solve] {"t": "2026-08-23T18:59:09", "elapsed_s": 180, "cells": 1417, "max_area": 0, "max_gx_in_max_area": 5680, "max_sect": 0, "solutions": 0, "best_sol_actions": null, "steps": 382070, "sps": 2123, "stall_flat_windows": 0, "c_local": 523, "c_local_band": 97, "c_local_delta": 12, "c_local_band_delta": 12, "c_local_elasticity": 1.0494}
[go_explore_solve] {"t": "2026-08-23T19:00:09", "elapsed_s": 240, "cells": 1431, "max_area": 0, "max_gx_in_max_area": 5680, "max_sect": 0, "solutions": 0, "best_sol_actions": null, "steps": 509450, "sps": 2123, "stall_flat_windows": 0, "c_local": 523, "c_local_band": 97, "c_local_delta": 0, "c_local_band_delta": 0, "c_local_elasticity": 0.0}
[go_explore_solve] {"t": "2026-08-23T19:01:09", "elapsed_s": 300, "cells": 1434, "max_area": 0, "max_gx_in_max_area": 5680, "max_sect": 0, "solutions": 0, "best_sol_actions": null, "steps": 637570, "sps": 2125, "stall_flat_windows": 0, "c_local": 523, "c_local_band": 97, "c_local_delta": 0, "c_local_band_delta": 0, "c_local_elasticity": 0.0}
[go_explore_solve] {"t": "2026-08-23T19:02:09", "elapsed_s": 360, "cells": 1434, "max_area": 0, "max_gx_in_max_area": 5680, "max_sect": 0, "solutions": 0, "best_sol_actions": null, "steps": 766040, "sps": 2128, "stall_flat_windows": 1, "c_local": 523, "c_local_band": 97, "c_local_delta": 0, "c_local_band_delta": 0, "c_local_elasticity": null}
[go_explore_solve] {"t": "2026-08-23T19:03:09", "elapsed_s": 420, "cells": 1439, "max_area": 0, "max_gx_in_max_area": 5680, "max_sect": 0, "solutions": 0, "best_sol_actions": null, "steps": 893020, "sps": 2126, "stall_flat_windows": 0, "c_local": 523, "c_local_band": 97, "c_local_delta": 0, "c_local_band_delta": 0, "c_local_elasticity": 0.0}
[go_explore_solve] {"t": "2026-08-23T19:04:09", "elapsed_s": 480, "cells": 1439, "max_area": 0, "max_gx_in_max_area": 5680, "max_sect": 0, "solutions": 0, "best_sol_actions": null, "steps": 1019500, "sps": 2124, "stall_flat_windows": 1, "c_local": 523, "c_local_band": 97, "c_local_delta": 0, "c_local_band_delta": 0, "c_local_elasticity": null}
[go_explore_solve] {"t": "2026-08-23T19:05:09", "elapsed_s": 540, "cells": 1441, "max_area": 0, "max_gx_in_max_area": 5680, "max_sect": 0, "solutions": 0, "best_sol_actions": null, "steps": 1148350, "sps": 2126, "stall_flat_windows": 0, "c_local": 523, "c_local_band": 97, "c_local_delta": 0, "c_local_band_delta": 0, "c_local_elasticity": 0.0}
[go_explore_solve] {"t": "2026-08-23T19:06:09", "elapsed_s": 600, "cells": 1441, "max_area": 0, "max_gx_in_max_area": 5680, "max_sect": 0, "solutions": 0, "best_sol_actions": null, "steps": 1275920, "sps": 2126, "stall_flat_windows": 1, "c_local": 523, "c_local_band": 97, "c_local_delta": 0, "c_local_band_delta": 0, "c_local_elasticity": null}
[go_explore_solve] STALL WARNING: stuck at 1441 cells for 2 min straight — possible frozen/dead state
[go_explore_solve] {"t": "2026-08-23T19:07:09", "elapsed_s": 660, "cells": 1441, "max_area": 0, "max_gx_in_max_area": 5680, "max_sect": 0, "solutions": 0, "best_sol_actions": null, "steps": 1402830, "sps": 2125, "stall_flat_windows": 2, "c_local": 523, "c_local_band": 97, "c_local_delta": 0, "c_local_band_delta": 0, "c_local_elasticity": null}
[go_explore_solve] STALL WARNING: stuck at 1441 cells for 3 min straight — possible frozen/dead state
[go_explore_solve] {"t": "2026-08-23T19:08:09", "elapsed_s": 720, "cells": 1441, "max_area": 0, "max_gx_in_max_area": 5680, "max_sect": 0, "solutions": 0, "best_sol_actions": null, "steps": 1529510, "sps": 2124, "stall_flat_windows": 3, "c_local": 523, "c_local_band": 97, "c_local_delta": 0, "c_local_band_delta": 0, "c_local_elasticity": null}
[go_explore_solve] STALL WARNING: stuck at 1441 cells for 4 min straight — possible frozen/dead state
[go_explore_solve] {"t": "2026-08-23T19:09:09", "elapsed_s": 780, "cells": 1441, "max_area": 0, "max_gx_in_max_area": 5680, "max_sect": 0, "solutions": 0, "best_sol_actions": null, "steps": 1655360, "sps": 2122, "stall_flat_windows": 4, "c_local": 523, "c_local_band": 97, "c_local_delta": 0, "c_local_band_delta": 0, "c_local_elasticity": null}
[go_explore_solve] STALL WARNING: stuck at 1441 cells for 5 min straight — possible frozen/dead state
[go_explore_solve] {"t": "2026-08-23T19:10:09", "elapsed_s": 840, "cells": 1441, "max_area": 0, "max_gx_in_max_area": 5680, "max_sect": 0, "solutions": 0, "best_sol_actions": null, "steps": 1781400, "sps": 2121, "stall_flat_windows": 5, "c_local": 523, "c_local_band": 97, "c_local_delta": 0, "c_local_band_delta": 0, "c_local_elasticity": null}
[go_explore_solve] STALL WARNING: stuck at 1441 cells for 6 min straight — possible frozen/dead state
[go_explore_solve] {"t": "2026-08-23T19:11:09", "elapsed_s": 900, "cells": 1441, "max_area": 0, "max_gx_in_max_area": 5680, "max_sect": 0, "solutions": 0, "best_sol_actions": null, "steps": 1907530, "sps": 2119, "stall_flat_windows": 6, "c_local": 523, "c_local_band": 97, "c_local_delta": 0, "c_local_band_delta": 0, "c_local_elasticity": null}
[go_explore_solve] STALL WARNING: stuck at 1441 cells for 7 min straight — possible frozen/dead state
[go_explore_solve] {"t": "2026-08-23T19:12:09", "elapsed_s": 960, "cells": 1441, "max_area": 0, "max_gx_in_max_area": 5680, "max_sect": 0, "solutions": 0, "best_sol_actions": null, "steps": 2033320, "sps": 2118, "stall_flat_windows": 7, "c_local": 523, "c_local_band": 97, "c_local_delta": 0, "c_local_band_delta": 0, "c_local_elasticity": null}
[go_explore_solve] STALL WARNING: stuck at 1441 cells for 8 min straight — possible frozen/dead state
[go_explore_solve] {"t": "2026-08-23T19:13:09", "elapsed_s": 1020, "cells": 1441, "max_area": 0, "max_gx_in_max_area": 5680, "max_sect": 0, "solutions": 0, "best_sol_actions": null, "steps": 2158580, "sps": 2116, "stall_flat_windows": 8, "c_local": 523, "c_local_band": 97, "c_local_delta": 0, "c_local_band_delta": 0, "c_local_elasticity": null}
[go_explore_solve] {"t": "2026-08-23T19:14:09", "elapsed_s": 1080, "cells": 1445, "max_area": 0, "max_gx_in_max_area": 5680, "max_sect": 0, "solutions": 0, "best_sol_actions": null, "steps": 2283370, "sps": 2114, "stall_flat_windows": 0, "c_local": 527, "c_local_band": 97, "c_local_delta": 4, "c_local_band_delta": 0, "c_local_elasticity": 2.7486}
[go_explore_solve] {"t": "2026-08-23T19:15:09", "elapsed_s": 1140, "cells": 1455, "max_area": 0, "max_gx_in_max_area": 5680, "max_sect": 0, "solutions": 0, "best_sol_actions": null, "steps": 2407970, "sps": 2112, "stall_flat_windows": 0, "c_local": 531, "c_local_band": 101, "c_local_delta": 4, "c_local_band_delta": 4, "c_local_elasticity": 1.0964}
[go_explore_solve] {"t": "2026-08-23T19:16:09", "elapsed_s": 1200, "cells": 1458, "max_area": 0, "max_gx_in_max_area": 5680, "max_sect": 0, "solutions": 0, "best_sol_actions": null, "steps": 2531980, "sps": 2110, "stall_flat_windows": 0, "c_local": 531, "c_local_band": 101, "c_local_delta": 0, "c_local_band_delta": 0, "c_local_elasticity": 0.0}
[go_explore_solve] {"t": "2026-08-23T19:17:09", "elapsed_s": 1260, "cells": 1458, "max_area": 0, "max_gx_in_max_area": 5680, "max_sect": 0, "solutions": 0, "best_sol_actions": null, "steps": 2656470, "sps": 2108, "stall_flat_windows": 1, "c_local": 531, "c_local_band": 101, "c_local_delta": 0, "c_local_band_delta": 0, "c_local_elasticity": null}
[go_explore_solve] {"t": "2026-08-23T19:18:09", "elapsed_s": 1320, "cells": 1466, "max_area": 0, "max_gx_in_max_area": 5680, "max_sect": 0, "solutions": 0, "best_sol_actions": null, "steps": 2781040, "sps": 2107, "stall_flat_windows": 0, "c_local": 533, "c_local_band": 101, "c_local_delta": 2, "c_local_band_delta": 0, "c_local_elasticity": 0.687}
[go_explore_solve] {"t": "2026-08-23T19:19:09", "elapsed_s": 1380, "cells": 1468, "max_area": 0, "max_gx_in_max_area": 5680, "max_sect": 0, "solutions": 0, "best_sol_actions": null, "steps": 2907050, "sps": 2106, "stall_flat_windows": 0, "c_local": 533, "c_local_band": 101, "c_local_delta": 0, "c_local_band_delta": 0, "c_local_elasticity": 0.0}
[go_explore_solve] {"t": "2026-08-23T19:20:09", "elapsed_s": 1440, "cells": 1472, "max_area": 0, "max_gx_in_max_area": 5680, "max_sect": 0, "solutions": 0, "best_sol_actions": null, "steps": 3033920, "sps": 2107, "stall_flat_windows": 0, "c_local": 533, "c_local_band": 101, "c_local_delta": 0, "c_local_band_delta": 0, "c_local_elasticity": 0.0}
[go_explore_solve] {"t": "2026-08-23T19:21:09", "elapsed_s": 1500, "cells": 1472, "max_area": 0, "max_gx_in_max_area": 5680, "max_sect": 0, "solutions": 0, "best_sol_actions": null, "steps": 3160890, "sps": 2107, "stall_flat_windows": 1, "c_local": 533, "c_local_band": 101, "c_local_delta": 0, "c_local_band_delta": 0, "c_local_elasticity": null}
[go_explore_solve] {"t": "2026-08-23T19:22:09", "elapsed_s": 1560, "cells": 1474, "max_area": 0, "max_gx_in_max_area": 5680, "max_sect": 0, "solutions": 0, "best_sol_actions": null, "steps": 3287620, "sps": 2107, "stall_flat_windows": 0, "c_local": 535, "c_local_band": 101, "c_local_delta": 2, "c_local_band_delta": 0, "c_local_elasticity": 2.7584}
[go_explore_solve] {"t": "2026-08-23T19:23:09", "elapsed_s": 1620, "cells": 1474, "max_area": 0, "max_gx_in_max_area": 5680, "max_sect": 0, "solutions": 0, "best_sol_actions": null, "steps": 3410280, "sps": 2105, "stall_flat_windows": 1, "c_local": 535, "c_local_band": 101, "c_local_delta": 0, "c_local_band_delta": 0, "c_local_elasticity": null}
[go_explore_solve] STALL WARNING: stuck at 1474 cells for 2 min straight — possible frozen/dead state
[go_explore_solve] {"t": "2026-08-23T19:24:09", "elapsed_s": 1680, "cells": 1474, "max_area": 0, "max_gx_in_max_area": 5680, "max_sect": 0, "solutions": 0, "best_sol_actions": null, "steps": 3531370, "sps": 2102, "stall_flat_windows": 2, "c_local": 535, "c_local_band": 101, "c_local_delta": 0, "c_local_band_delta": 0, "c_local_elasticity": null}
[go_explore_solve] STALL WARNING: stuck at 1474 cells for 3 min straight — possible frozen/dead state
[go_explore_solve] {"t": "2026-08-23T19:25:09", "elapsed_s": 1740, "cells": 1474, "max_area": 0, "max_gx_in_max_area": 5680, "max_sect": 0, "solutions": 0, "best_sol_actions": null, "steps": 3652070, "sps": 2099, "stall_flat_windows": 3, "c_local": 535, "c_local_band": 101, "c_local_delta": 0, "c_local_band_delta": 0, "c_local_elasticity": null}
[go_explore_solve] STALL WARNING: stuck at 1474 cells for 4 min straight — possible frozen/dead state
[go_explore_solve] {"t": "2026-08-23T19:26:09", "elapsed_s": 1800, "cells": 1474, "max_area": 0, "max_gx_in_max_area": 5680, "max_sect": 0, "solutions": 0, "best_sol_actions": null, "steps": 3771960, "sps": 2095, "stall_flat_windows": 4, "c_local": 535, "c_local_band": 101, "c_local_delta": 0, "c_local_band_delta": 0, "c_local_elasticity": null}
[go_explore_solve] {"t": "2026-08-23T19:27:09", "elapsed_s": 1860, "cells": 1493, "max_area": 0, "max_gx_in_max_area": 5680, "max_sect": 0, "solutions": 0, "best_sol_actions": null, "steps": 3892380, "sps": 2093, "stall_flat_windows": 0, "c_local": 535, "c_local_band": 101, "c_local_delta": 0, "c_local_band_delta": 0, "c_local_elasticity": 0.0}
[go_explore_solve] {"t": "2026-08-23T19:28:09", "elapsed_s": 1920, "cells": 1497, "max_area": 0, "max_gx_in_max_area": 5680, "max_sect": 0, "solutions": 0, "best_sol_actions": null, "steps": 4016770, "sps": 2092, "stall_flat_windows": 0, "c_local": 535, "c_local_band": 101, "c_local_delta": 0, "c_local_band_delta": 0, "c_local_elasticity": 0.0}
[go_explore_solve] {"t": "2026-08-23T19:29:09", "elapsed_s": 1980, "cells": 1497, "max_area": 0, "max_gx_in_max_area": 5680, "max_sect": 0, "solutions": 0, "best_sol_actions": null, "steps": 4141620, "sps": 2092, "stall_flat_windows": 1, "c_local": 535, "c_local_band": 101, "c_local_delta": 0, "c_local_band_delta": 0, "c_local_elasticity": null}
[go_explore_solve] STALL WARNING: stuck at 1497 cells for 2 min straight — possible frozen/dead state
[go_explore_solve] {"t": "2026-08-23T19:30:09", "elapsed_s": 2040, "cells": 1497, "max_area": 0, "max_gx_in_max_area": 5680, "max_sect": 0, "solutions": 0, "best_sol_actions": null, "steps": 4269400, "sps": 2093, "stall_flat_windows": 2, "c_local": 535, "c_local_band": 101, "c_local_delta": 0, "c_local_band_delta": 0, "c_local_elasticity": null}
[go_explore_solve] STALL WARNING: stuck at 1497 cells for 3 min straight — possible frozen/dead state
[go_explore_solve] {"t": "2026-08-23T19:31:09", "elapsed_s": 2100, "cells": 1497, "max_area": 0, "max_gx_in_max_area": 5680, "max_sect": 0, "solutions": 0, "best_sol_actions": null, "steps": 4395610, "sps": 2093, "stall_flat_windows": 3, "c_local": 535, "c_local_band": 101, "c_local_delta": 0, "c_local_band_delta": 0, "c_local_elasticity": null}
[go_explore_solve] STALL WARNING: stuck at 1497 cells for 4 min straight — possible frozen/dead state
[go_explore_solve] {"t": "2026-08-23T19:32:09", "elapsed_s": 2160, "cells": 1497, "max_area": 0, "max_gx_in_max_area": 5680, "max_sect": 0, "solutions": 0, "best_sol_actions": null, "steps": 4519980, "sps": 2092, "stall_flat_windows": 4, "c_local": 535, "c_local_band": 101, "c_local_delta": 0, "c_local_band_delta": 0, "c_local_elasticity": null}
[go_explore_solve] {"t": "2026-08-23T19:33:09", "elapsed_s": 2220, "cells": 1499, "max_area": 0, "max_gx_in_max_area": 5680, "max_sect": 0, "solutions": 0, "best_sol_actions": null, "steps": 4644800, "sps": 2092, "stall_flat_windows": 0, "c_local": 535, "c_local_band": 101, "c_local_delta": 0, "c_local_band_delta": 0, "c_local_elasticity": 0.0}
[go_explore_solve] {"t": "2026-08-23T19:34:09", "elapsed_s": 2280, "cells": 1499, "max_area": 0, "max_gx_in_max_area": 5680, "max_sect": 0, "solutions": 0, "best_sol_actions": null, "steps": 4766050, "sps": 2090, "stall_flat_windows": 1, "c_local": 535, "c_local_band": 101, "c_local_delta": 0, "c_local_band_delta": 0, "c_local_elasticity": null}
[go_explore_solve] STALL WARNING: stuck at 1499 cells for 2 min straight — possible frozen/dead state
[go_explore_solve] {"t": "2026-08-23T19:35:09", "elapsed_s": 2340, "cells": 1499, "max_area": 0, "max_gx_in_max_area": 5680, "max_sect": 0, "solutions": 0, "best_sol_actions": null, "steps": 4887070, "sps": 2088, "stall_flat_windows": 2, "c_local": 535, "c_local_band": 101, "c_local_delta": 0, "c_local_band_delta": 0, "c_local_elasticity": null}
[go_explore_solve] STALL WARNING: stuck at 1499 cells for 3 min straight — possible frozen/dead state
[go_explore_solve] {"t": "2026-08-23T19:36:09", "elapsed_s": 2400, "cells": 1499, "max_area": 0, "max_gx_in_max_area": 5680, "max_sect": 0, "solutions": 0, "best_sol_actions": null, "steps": 5007440, "sps": 2086, "stall_flat_windows": 3, "c_local": 535, "c_local_band": 101, "c_local_delta": 0, "c_local_band_delta": 0, "c_local_elasticity": null}
[go_explore_solve] STALL WARNING: stuck at 1499 cells for 4 min straight — possible frozen/dead state
[go_explore_solve] {"t": "2026-08-23T19:37:09", "elapsed_s": 2460, "cells": 1499, "max_area": 0, "max_gx_in_max_area": 5680, "max_sect": 0, "solutions": 0, "best_sol_actions": null, "steps": 5127140, "sps": 2084, "stall_flat_windows": 4, "c_local": 535, "c_local_band": 101, "c_local_delta": 0, "c_local_band_delta": 0, "c_local_elasticity": null}
[go_explore_solve] {"t": "2026-08-23T19:38:09", "elapsed_s": 2520, "cells": 1501, "max_area": 0, "max_gx_in_max_area": 5680, "max_sect": 0, "solutions": 0, "best_sol_actions": null, "steps": 5245990, "sps": 2082, "stall_flat_windows": 0, "c_local": 535, "c_local_band": 101, "c_local_delta": 0, "c_local_band_delta": 0, "c_local_elasticity": 0.0}
[go_explore_solve] {"t": "2026-08-23T19:39:09", "elapsed_s": 2580, "cells": 1504, "max_area": 0, "max_gx_in_max_area": 5680, "max_sect": 0, "solutions": 0, "best_sol_actions": null, "steps": 5363670, "sps": 2079, "stall_flat_windows": 0, "c_local": 535, "c_local_band": 101, "c_local_delta": 0, "c_local_band_delta": 0, "c_local_elasticity": 0.0}
[go_explore_solve] {"t": "2026-08-23T19:40:09", "elapsed_s": 2640, "cells": 1504, "max_area": 0, "max_gx_in_max_area": 5680, "max_sect": 0, "solutions": 0, "best_sol_actions": null, "steps": 5476920, "sps": 2075, "stall_flat_windows": 1, "c_local": 535, "c_local_band": 101, "c_local_delta": 0, "c_local_band_delta": 0, "c_local_elasticity": null}
[go_explore_solve] STALL WARNING: stuck at 1504 cells for 2 min straight — possible frozen/dead state
[go_explore_solve] {"t": "2026-08-23T19:41:09", "elapsed_s": 2700, "cells": 1504, "max_area": 0, "max_gx_in_max_area": 5680, "max_sect": 0, "solutions": 0, "best_sol_actions": null, "steps": 5591390, "sps": 2071, "stall_flat_windows": 2, "c_local": 535, "c_local_band": 101, "c_local_delta": 0, "c_local_band_delta": 0, "c_local_elasticity": null}
[go_explore_solve] {"t": "2026-08-23T19:42:09", "elapsed_s": 2760, "cells": 1505, "max_area": 0, "max_gx_in_max_area": 5680, "max_sect": 0, "solutions": 0, "best_sol_actions": null, "steps": 5704660, "sps": 2067, "stall_flat_windows": 0, "c_local": 535, "c_local_band": 101, "c_local_delta": 0, "c_local_band_delta": 0, "c_local_elasticity": 0.0}
[go_explore_solve] {"t": "2026-08-23T19:43:09", "elapsed_s": 2820, "cells": 1505, "max_area": 0, "max_gx_in_max_area": 5680, "max_sect": 0, "solutions": 0, "best_sol_actions": null, "steps": 5817810, "sps": 2063, "stall_flat_windows": 1, "c_local": 535, "c_local_band": 101, "c_local_delta": 0, "c_local_band_delta": 0, "c_local_elasticity": null}
[go_explore_solve] STALL WARNING: stuck at 1505 cells for 2 min straight — possible frozen/dead state
[go_explore_solve] {"t": "2026-08-23T19:44:09", "elapsed_s": 2880, "cells": 1505, "max_area": 0, "max_gx_in_max_area": 5680, "max_sect": 0, "solutions": 0, "best_sol_actions": null, "steps": 5932250, "sps": 2060, "stall_flat_windows": 2, "c_local": 535, "c_local_band": 101, "c_local_delta": 0, "c_local_band_delta": 0, "c_local_elasticity": null}
[go_explore_solve] STALL WARNING: stuck at 1505 cells for 3 min straight — possible frozen/dead state
[go_explore_solve] {"t": "2026-08-23T19:45:09", "elapsed_s": 2940, "cells": 1505, "max_area": 0, "max_gx_in_max_area": 5680, "max_sect": 0, "solutions": 0, "best_sol_actions": null, "steps": 6046560, "sps": 2057, "stall_flat_windows": 3, "c_local": 535, "c_local_band": 101, "c_local_delta": 0, "c_local_band_delta": 0, "c_local_elasticity": null}
[go_explore_solve] STALL WARNING: stuck at 1505 cells for 4 min straight — possible frozen/dead state
[go_explore_solve] {"t": "2026-08-23T19:46:09", "elapsed_s": 3000, "cells": 1505, "max_area": 0, "max_gx_in_max_area": 5680, "max_sect": 0, "solutions": 0, "best_sol_actions": null, "steps": 6164680, "sps": 2055, "stall_flat_windows": 4, "c_local": 535, "c_local_band": 101, "c_local_delta": 0, "c_local_band_delta": 0, "c_local_elasticity": null}
[go_explore_solve] STALL WARNING: stuck at 1505 cells for 5 min straight — possible frozen/dead state
[go_explore_solve] {"t": "2026-08-23T19:47:09", "elapsed_s": 3060, "cells": 1505, "max_area": 0, "max_gx_in_max_area": 5680, "max_sect": 0, "solutions": 0, "best_sol_actions": null, "steps": 6286240, "sps": 2054, "stall_flat_windows": 5, "c_local": 535, "c_local_band": 101, "c_local_delta": 0, "c_local_band_delta": 0, "c_local_elasticity": null}
[go_explore_solve] STALL WARNING: stuck at 1505 cells for 6 min straight — possible frozen/dead state
[go_explore_solve] {"t": "2026-08-23T19:48:09", "elapsed_s": 3120, "cells": 1505, "max_area": 0, "max_gx_in_max_area": 5680, "max_sect": 0, "solutions": 0, "best_sol_actions": null, "steps": 6409120, "sps": 2054, "stall_flat_windows": 6, "c_local": 535, "c_local_band": 101, "c_local_delta": 0, "c_local_band_delta": 0, "c_local_elasticity": null}
[go_explore_solve] STALL WARNING: stuck at 1505 cells for 7 min straight — possible frozen/dead state
[go_explore_solve] {"t": "2026-08-23T19:49:09", "elapsed_s": 3180, "cells": 1505, "max_area": 0, "max_gx_in_max_area": 5680, "max_sect": 0, "solutions": 0, "best_sol_actions": null, "steps": 6532250, "sps": 2054, "stall_flat_windows": 7, "c_local": 535, "c_local_band": 101, "c_local_delta": 0, "c_local_band_delta": 0, "c_local_elasticity": null}
[go_explore_solve] STALL WARNING: stuck at 1505 cells for 8 min straight — possible frozen/dead state
[go_explore_solve] {"t": "2026-08-23T19:50:09", "elapsed_s": 3240, "cells": 1505, "max_area": 0, "max_gx_in_max_area": 5680, "max_sect": 0, "solutions": 0, "best_sol_actions": null, "steps": 6653560, "sps": 2053, "stall_flat_windows": 8, "c_local": 535, "c_local_band": 101, "c_local_delta": 0, "c_local_band_delta": 0, "c_local_elasticity": null}
[go_explore_solve] STALL WARNING: stuck at 1505 cells for 9 min straight — possible frozen/dead state
[go_explore_solve] {"t": "2026-08-23T19:51:09", "elapsed_s": 3300, "cells": 1505, "max_area": 0, "max_gx_in_max_area": 5680, "max_sect": 0, "solutions": 0, "best_sol_actions": null, "steps": 6774220, "sps": 2053, "stall_flat_windows": 9, "c_local": 535, "c_local_band": 101, "c_local_delta": 0, "c_local_band_delta": 0, "c_local_elasticity": null}
[go_explore_solve] STALL WARNING: stuck at 1505 cells for 10 min straight — possible frozen/dead state
[go_explore_solve] {"t": "2026-08-23T19:52:09", "elapsed_s": 3360, "cells": 1505, "max_area": 0, "max_gx_in_max_area": 5680, "max_sect": 0, "solutions": 0, "best_sol_actions": null, "steps": 6895450, "sps": 2052, "stall_flat_windows": 10, "c_local": 535, "c_local_band": 101, "c_local_delta": 0, "c_local_band_delta": 0, "c_local_elasticity": null}
[go_explore_solve] STALL WARNING: stuck at 1505 cells for 11 min straight — possible frozen/dead state
[go_explore_solve] {"t": "2026-08-23T19:53:09", "elapsed_s": 3420, "cells": 1505, "max_area": 0, "max_gx_in_max_area": 5680, "max_sect": 0, "solutions": 0, "best_sol_actions": null, "steps": 7016280, "sps": 2051, "stall_flat_windows": 11, "c_local": 535, "c_local_band": 101, "c_local_delta": 0, "c_local_band_delta": 0, "c_local_elasticity": null}
[go_explore_solve] STALL WARNING: stuck at 1505 cells for 12 min straight — possible frozen/dead state
[go_explore_solve] {"t": "2026-08-23T19:54:09", "elapsed_s": 3480, "cells": 1505, "max_area": 0, "max_gx_in_max_area": 5680, "max_sect": 0, "solutions": 0, "best_sol_actions": null, "steps": 7136790, "sps": 2051, "stall_flat_windows": 12, "c_local": 535, "c_local_band": 101, "c_local_delta": 0, "c_local_band_delta": 0, "c_local_elasticity": null}
[go_explore_solve] STALL WARNING: stuck at 1505 cells for 13 min straight — possible frozen/dead state
[go_explore_solve] {"t": "2026-08-23T19:55:09", "elapsed_s": 3540, "cells": 1505, "max_area": 0, "max_gx_in_max_area": 5680, "max_sect": 0, "solutions": 0, "best_sol_actions": null, "steps": 7257700, "sps": 2050, "stall_flat_windows": 13, "c_local": 535, "c_local_band": 101, "c_local_delta": 0, "c_local_band_delta": 0, "c_local_elasticity": null}
[go_explore_solve] STALL WARNING: stuck at 1505 cells for 14 min straight — possible frozen/dead state
[go_explore_solve] {"t": "2026-08-23T19:56:09", "elapsed_s": 3600, "cells": 1505, "max_area": 0, "max_gx_in_max_area": 5680, "max_sect": 0, "solutions": 0, "best_sol_actions": null, "steps": 7379440, "sps": 2050, "stall_flat_windows": 14, "c_local": 535, "c_local_band": 101, "c_local_delta": 0, "c_local_band_delta": 0, "c_local_elasticity": null}
[go_explore_solve] STALL WARNING: stuck at 1505 cells for 15 min straight — possible frozen/dead state
[go_explore_solve] {"t": "2026-08-23T19:57:09", "elapsed_s": 3660, "cells": 1505, "max_area": 0, "max_gx_in_max_area": 5680, "max_sect": 0, "solutions": 0, "best_sol_actions": null, "steps": 7503440, "sps": 2050, "stall_flat_windows": 15, "c_local": 535, "c_local_band": 101, "c_local_delta": 0, "c_local_band_delta": 0, "c_local_elasticity": null}
[go_explore_solve] STALL WARNING: stuck at 1505 cells for 16 min straight — possible frozen/dead state
[go_explore_solve] {"t": "2026-08-23T19:58:09", "elapsed_s": 3720, "cells": 1505, "max_area": 0, "max_gx_in_max_area": 5680, "max_sect": 0, "solutions": 0, "best_sol_actions": null, "steps": 7628020, "sps": 2050, "stall_flat_windows": 16, "c_local": 535, "c_local_band": 101, "c_local_delta": 0, "c_local_band_delta": 0, "c_local_elasticity": null}
[go_explore_solve] STALL WARNING: stuck at 1505 cells for 17 min straight — possible frozen/dead state
[go_explore_solve] {"t": "2026-08-23T19:59:09", "elapsed_s": 3780, "cells": 1505, "max_area": 0, "max_gx_in_max_area": 5680, "max_sect": 0, "solutions": 0, "best_sol_actions": null, "steps": 7753210, "sps": 2051, "stall_flat_windows": 17, "c_local": 535, "c_local_band": 101, "c_local_delta": 0, "c_local_band_delta": 0, "c_local_elasticity": null}
[go_explore_solve] STALL WARNING: stuck at 1505 cells for 18 min straight — possible frozen/dead state
[go_explore_solve] {"t": "2026-08-23T20:00:09", "elapsed_s": 3840, "cells": 1505, "max_area": 0, "max_gx_in_max_area": 5680, "max_sect": 0, "solutions": 0, "best_sol_actions": null, "steps": 7880200, "sps": 2052, "stall_flat_windows": 18, "c_local": 535, "c_local_band": 101, "c_local_delta": 0, "c_local_band_delta": 0, "c_local_elasticity": null}
[go_explore_solve] STALL WARNING: stuck at 1505 cells for 19 min straight — possible frozen/dead state
[go_explore_solve] {"t": "2026-08-23T20:01:09", "elapsed_s": 3900, "cells": 1505, "max_area": 0, "max_gx_in_max_area": 5680, "max_sect": 0, "solutions": 0, "best_sol_actions": null, "steps": 8007310, "sps": 2053, "stall_flat_windows": 19, "c_local": 535, "c_local_band": 101, "c_local_delta": 0, "c_local_band_delta": 0, "c_local_elasticity": null}
[go_explore_solve] STALL WARNING: stuck at 1505 cells for 20 min straight — possible frozen/dead state
[go_explore_solve] {"t": "2026-08-23T20:02:09", "elapsed_s": 3960, "cells": 1505, "max_area": 0, "max_gx_in_max_area": 5680, "max_sect": 0, "solutions": 0, "best_sol_actions": null, "steps": 8132740, "sps": 2054, "stall_flat_windows": 20, "c_local": 535, "c_local_band": 101, "c_local_delta": 0, "c_local_band_delta": 0, "c_local_elasticity": null}
[go_explore_solve] STALL WARNING: stuck at 1505 cells for 21 min straight — possible frozen/dead state
[go_explore_solve] {"t": "2026-08-23T20:03:09", "elapsed_s": 4020, "cells": 1505, "max_area": 0, "max_gx_in_max_area": 5680, "max_sect": 0, "solutions": 0, "best_sol_actions": null, "steps": 8256710, "sps": 2054, "stall_flat_windows": 21, "c_local": 535, "c_local_band": 101, "c_local_delta": 0, "c_local_band_delta": 0, "c_local_elasticity": null}
[go_explore_solve] {"t": "2026-08-23T20:04:09", "elapsed_s": 4080, "cells": 1513, "max_area": 0, "max_gx_in_max_area": 5680, "max_sect": 0, "solutions": 0, "best_sol_actions": null, "steps": 8379720, "sps": 2054, "stall_flat_windows": 0, "c_local": 536, "c_local_band": 101, "c_local_delta": 1, "c_local_band_delta": 0, "c_local_elasticity": 0.3522}
[go_explore_solve] {"t": "2026-08-23T20:05:09", "elapsed_s": 4140, "cells": 1526, "max_area": 0, "max_gx_in_max_area": 5680, "max_sect": 0, "solutions": 0, "best_sol_actions": null, "steps": 8501820, "sps": 2053, "stall_flat_windows": 0, "c_local": 539, "c_local_band": 101, "c_local_delta": 3, "c_local_band_delta": 0, "c_local_elasticity": 0.6524}
[go_explore_solve] {"t": "2026-08-23T20:06:09", "elapsed_s": 4200, "cells": 1531, "max_area": 0, "max_gx_in_max_area": 5680, "max_sect": 0, "solutions": 0, "best_sol_actions": null, "steps": 8623360, "sps": 2053, "stall_flat_windows": 0, "c_local": 539, "c_local_band": 101, "c_local_delta": 0, "c_local_band_delta": 0, "c_local_elasticity": 0.0}
[go_explore_solve] {"t": "2026-08-23T20:07:09", "elapsed_s": 4260, "cells": 1531, "max_area": 0, "max_gx_in_max_area": 5680, "max_sect": 0, "solutions": 0, "best_sol_actions": null, "steps": 8744640, "sps": 2053, "stall_flat_windows": 1, "c_local": 539, "c_local_band": 101, "c_local_delta": 0, "c_local_band_delta": 0, "c_local_elasticity": null}
[go_explore_solve] {"t": "2026-08-23T20:08:09", "elapsed_s": 4320, "cells": 1533, "max_area": 0, "max_gx_in_max_area": 5680, "max_sect": 0, "solutions": 0, "best_sol_actions": null, "steps": 8860230, "sps": 2051, "stall_flat_windows": 0, "c_local": 539, "c_local_band": 101, "c_local_delta": 0, "c_local_band_delta": 0, "c_local_elasticity": 0.0}
[go_explore_solve] {"t": "2026-08-23T20:09:09", "elapsed_s": 4380, "cells": 1533, "max_area": 0, "max_gx_in_max_area": 5680, "max_sect": 0, "solutions": 0, "best_sol_actions": null, "steps": 8972760, "sps": 2048, "stall_flat_windows": 1, "c_local": 539, "c_local_band": 101, "c_local_delta": 0, "c_local_band_delta": 0, "c_local_elasticity": null}
[go_explore_solve] {"t": "2026-08-23T20:10:09", "elapsed_s": 4440, "cells": 1534, "max_area": 0, "max_gx_in_max_area": 5680, "max_sect": 0, "solutions": 0, "best_sol_actions": null, "steps": 9085650, "sps": 2046, "stall_flat_windows": 0, "c_local": 539, "c_local_band": 101, "c_local_delta": 0, "c_local_band_delta": 0, "c_local_elasticity": 0.0}
[go_explore_solve] {"t": "2026-08-23T20:11:09", "elapsed_s": 4500, "cells": 1549, "max_area": 0, "max_gx_in_max_area": 5680, "max_sect": 0, "solutions": 0, "best_sol_actions": null, "steps": 9203670, "sps": 2045, "stall_flat_windows": 0, "c_local": 539, "c_local_band": 101, "c_local_delta": 0, "c_local_band_delta": 0, "c_local_elasticity": 0.0}
[go_explore_solve] {"t": "2026-08-23T20:12:09", "elapsed_s": 4560, "cells": 1561, "max_area": 0, "max_gx_in_max_area": 5680, "max_sect": 0, "solutions": 0, "best_sol_actions": null, "steps": 9324030, "sps": 2045, "stall_flat_windows": 0, "c_local": 539, "c_local_band": 101, "c_local_delta": 0, "c_local_band_delta": 0, "c_local_elasticity": 0.0}
[go_explore_solve] {"t": "2026-08-23T20:13:09", "elapsed_s": 4620, "cells": 1561, "max_area": 0, "max_gx_in_max_area": 5680, "max_sect": 0, "solutions": 0, "best_sol_actions": null, "steps": 9445730, "sps": 2044, "stall_flat_windows": 1, "c_local": 539, "c_local_band": 101, "c_local_delta": 0, "c_local_band_delta": 0, "c_local_elasticity": null}
[go_explore_solve] STALL WARNING: stuck at 1561 cells for 2 min straight — possible frozen/dead state
[go_explore_solve] {"t": "2026-08-23T20:14:09", "elapsed_s": 4680, "cells": 1561, "max_area": 0, "max_gx_in_max_area": 5680, "max_sect": 0, "solutions": 0, "best_sol_actions": null, "steps": 9567630, "sps": 2044, "stall_flat_windows": 2, "c_local": 539, "c_local_band": 101, "c_local_delta": 0, "c_local_band_delta": 0, "c_local_elasticity": null}
[go_explore_solve] STALL WARNING: stuck at 1561 cells for 3 min straight — possible frozen/dead state
[go_explore_solve] {"t": "2026-08-23T20:15:09", "elapsed_s": 4740, "cells": 1561, "max_area": 0, "max_gx_in_max_area": 5680, "max_sect": 0, "solutions": 0, "best_sol_actions": null, "steps": 9689100, "sps": 2044, "stall_flat_windows": 3, "c_local": 539, "c_local_band": 101, "c_local_delta": 0, "c_local_band_delta": 0, "c_local_elasticity": null}
[go_explore_solve] STALL WARNING: stuck at 1561 cells for 4 min straight — possible frozen/dead state
[go_explore_solve] {"t": "2026-08-23T20:16:09", "elapsed_s": 4800, "cells": 1561, "max_area": 0, "max_gx_in_max_area": 5680, "max_sect": 0, "solutions": 0, "best_sol_actions": null, "steps": 9810910, "sps": 2044, "stall_flat_windows": 4, "c_local": 539, "c_local_band": 101, "c_local_delta": 0, "c_local_band_delta": 0, "c_local_elasticity": null}
[go_explore_solve] {"t": "2026-08-23T20:17:09", "elapsed_s": 4860, "cells": 1575, "max_area": 0, "max_gx_in_max_area": 5680, "max_sect": 0, "solutions": 0, "best_sol_actions": null, "steps": 9932170, "sps": 2044, "stall_flat_windows": 0, "c_local": 539, "c_local_band": 101, "c_local_delta": 0, "c_local_band_delta": 0, "c_local_elasticity": 0.0}
[go_explore_solve] {"t": "2026-08-23T20:18:09", "elapsed_s": 4920, "cells": 1592, "max_area": 0, "max_gx_in_max_area": 5680, "max_sect": 0, "solutions": 0, "best_sol_actions": null, "steps": 10053760, "sps": 2043, "stall_flat_windows": 0, "c_local": 539, "c_local_band": 101, "c_local_delta": 0, "c_local_band_delta": 0, "c_local_elasticity": 0.0}
[go_explore_solve] {"t": "2026-08-23T20:19:09", "elapsed_s": 4980, "cells": 1599, "max_area": 0, "max_gx_in_max_area": 5680, "max_sect": 0, "solutions": 0, "best_sol_actions": null, "steps": 10175720, "sps": 2043, "stall_flat_windows": 0, "c_local": 539, "c_local_band": 101, "c_local_delta": 0, "c_local_band_delta": 0, "c_local_elasticity": 0.0}
[go_explore_solve] {"t": "2026-08-23T20:20:09", "elapsed_s": 5040, "cells": 1599, "max_area": 0, "max_gx_in_max_area": 5680, "max_sect": 0, "solutions": 0, "best_sol_actions": null, "steps": 10297690, "sps": 2043, "stall_flat_windows": 1, "c_local": 539, "c_local_band": 101, "c_local_delta": 0, "c_local_band_delta": 0, "c_local_elasticity": null}
[go_explore_solve] STALL WARNING: stuck at 1599 cells for 2 min straight — possible frozen/dead state
[go_explore_solve] {"t": "2026-08-23T20:21:09", "elapsed_s": 5100, "cells": 1599, "max_area": 0, "max_gx_in_max_area": 5680, "max_sect": 0, "solutions": 0, "best_sol_actions": null, "steps": 10418920, "sps": 2043, "stall_flat_windows": 2, "c_local": 539, "c_local_band": 101, "c_local_delta": 0, "c_local_band_delta": 0, "c_local_elasticity": null}
[go_explore_solve] {"t": "2026-08-23T20:22:09", "elapsed_s": 5160, "cells": 1614, "max_area": 0, "max_gx_in_max_area": 5680, "max_sect": 0, "solutions": 0, "best_sol_actions": null, "steps": 10540790, "sps": 2043, "stall_flat_windows": 0, "c_local": 539, "c_local_band": 101, "c_local_delta": 0, "c_local_band_delta": 0, "c_local_elasticity": 0.0}
[go_explore_solve] {"t": "2026-08-23T20:23:09", "elapsed_s": 5220, "cells": 1615, "max_area": 0, "max_gx_in_max_area": 5680, "max_sect": 0, "solutions": 0, "best_sol_actions": null, "steps": 10663260, "sps": 2043, "stall_flat_windows": 0, "c_local": 539, "c_local_band": 101, "c_local_delta": 0, "c_local_band_delta": 0, "c_local_elasticity": 0.0}
[go_explore_solve] {"t": "2026-08-23T20:24:09", "elapsed_s": 5280, "cells": 1621, "max_area": 0, "max_gx_in_max_area": 5680, "max_sect": 0, "solutions": 0, "best_sol_actions": null, "steps": 10785560, "sps": 2043, "stall_flat_windows": 0, "c_local": 539, "c_local_band": 101, "c_local_delta": 0, "c_local_band_delta": 0, "c_local_elasticity": 0.0}
[go_explore_solve] {"t": "2026-08-23T20:25:09", "elapsed_s": 5340, "cells": 1624, "max_area": 0, "max_gx_in_max_area": 5680, "max_sect": 0, "solutions": 0, "best_sol_actions": null, "steps": 10908220, "sps": 2043, "stall_flat_windows": 0, "c_local": 539, "c_local_band": 101, "c_local_delta": 0, "c_local_band_delta": 0, "c_local_elasticity": 0.0}
[go_explore_solve] {"t": "2026-08-23T20:26:09", "elapsed_s": 5400, "cells": 1627, "max_area": 0, "max_gx_in_max_area": 5680, "max_sect": 0, "solutions": 0, "best_sol_actions": null, "steps": 11031370, "sps": 2043, "stall_flat_windows": 0, "c_local": 539, "c_local_band": 101, "c_local_delta": 0, "c_local_band_delta": 0, "c_local_elasticity": 0.0}
[go_explore_solve] {"t": "2026-08-23T20:27:09", "elapsed_s": 5460, "cells": 1627, "max_area": 0, "max_gx_in_max_area": 5680, "max_sect": 0, "solutions": 0, "best_sol_actions": null, "steps": 11154510, "sps": 2043, "stall_flat_windows": 1, "c_local": 539, "c_local_band": 101, "c_local_delta": 0, "c_local_band_delta": 0, "c_local_elasticity": null}
[go_explore_solve] {"t": "2026-08-23T20:28:09", "elapsed_s": 5520, "cells": 1631, "max_area": 0, "max_gx_in_max_area": 5680, "max_sect": 0, "solutions": 0, "best_sol_actions": null, "steps": 11277030, "sps": 2043, "stall_flat_windows": 0, "c_local": 539, "c_local_band": 101, "c_local_delta": 0, "c_local_band_delta": 0, "c_local_elasticity": 0.0}
[go_explore_solve] {"t": "2026-08-23T20:29:09", "elapsed_s": 5580, "cells": 1631, "max_area": 0, "max_gx_in_max_area": 5680, "max_sect": 0, "solutions": 0, "best_sol_actions": null, "steps": 11400940, "sps": 2043, "stall_flat_windows": 1, "c_local": 539, "c_local_band": 101, "c_local_delta": 0, "c_local_band_delta": 0, "c_local_elasticity": null}
[go_explore_solve] {"t": "2026-08-23T20:30:09", "elapsed_s": 5640, "cells": 1648, "max_area": 0, "max_gx_in_max_area": 5680, "max_sect": 0, "solutions": 0, "best_sol_actions": null, "steps": 11525010, "sps": 2043, "stall_flat_windows": 0, "c_local": 543, "c_local_band": 101, "c_local_delta": 4, "c_local_band_delta": 0, "c_local_elasticity": 0.7131}
[go_explore_solve] {"t": "2026-08-23T20:31:09", "elapsed_s": 5700, "cells": 1648, "max_area": 0, "max_gx_in_max_area": 5680, "max_sect": 0, "solutions": 0, "best_sol_actions": null, "steps": 11649480, "sps": 2044, "stall_flat_windows": 1, "c_local": 543, "c_local_band": 101, "c_local_delta": 0, "c_local_band_delta": 0, "c_local_elasticity": null}
[go_explore_solve] STALL WARNING: stuck at 1648 cells for 2 min straight — possible frozen/dead state
[go_explore_solve] {"t": "2026-08-23T20:32:09", "elapsed_s": 5760, "cells": 1648, "max_area": 0, "max_gx_in_max_area": 5680, "max_sect": 0, "solutions": 0, "best_sol_actions": null, "steps": 11774250, "sps": 2044, "stall_flat_windows": 2, "c_local": 543, "c_local_band": 101, "c_local_delta": 0, "c_local_band_delta": 0, "c_local_elasticity": null}
[go_explore_solve] {"t": "2026-08-23T20:33:09", "elapsed_s": 5820, "cells": 1652, "max_area": 0, "max_gx_in_max_area": 5680, "max_sect": 0, "solutions": 0, "best_sol_actions": null, "steps": 11898110, "sps": 2044, "stall_flat_windows": 0, "c_local": 543, "c_local_band": 101, "c_local_delta": 0, "c_local_band_delta": 0, "c_local_elasticity": 0.0}
[go_explore_solve] {"t": "2026-08-23T20:34:09", "elapsed_s": 5880, "cells": 1652, "max_area": 0, "max_gx_in_max_area": 5680, "max_sect": 0, "solutions": 0, "best_sol_actions": null, "steps": 12022930, "sps": 2045, "stall_flat_windows": 1, "c_local": 543, "c_local_band": 101, "c_local_delta": 0, "c_local_band_delta": 0, "c_local_elasticity": null}
[go_explore_solve] {"t": "2026-08-23T20:35:09", "elapsed_s": 5940, "cells": 1660, "max_area": 0, "max_gx_in_max_area": 5680, "max_sect": 0, "solutions": 0, "best_sol_actions": null, "steps": 12144270, "sps": 2044, "stall_flat_windows": 0, "c_local": 543, "c_local_band": 101, "c_local_delta": 0, "c_local_band_delta": 0, "c_local_elasticity": 0.0}
[go_explore_solve] {"t": "2026-08-23T20:36:09", "elapsed_s": 6000, "cells": 1660, "max_area": 0, "max_gx_in_max_area": 5680, "max_sect": 0, "solutions": 0, "best_sol_actions": null, "steps": 12266600, "sps": 2044, "stall_flat_windows": 1, "c_local": 543, "c_local_band": 101, "c_local_delta": 0, "c_local_band_delta": 0, "c_local_elasticity": null}
[go_explore_solve] {"t": "2026-08-23T20:37:09", "elapsed_s": 6060, "cells": 1664, "max_area": 0, "max_gx_in_max_area": 5680, "max_sect": 0, "solutions": 0, "best_sol_actions": null, "steps": 12390680, "sps": 2045, "stall_flat_windows": 0, "c_local": 543, "c_local_band": 101, "c_local_delta": 0, "c_local_band_delta": 0, "c_local_elasticity": 0.0}
[go_explore_solve] {"t": "2026-08-23T20:38:09", "elapsed_s": 6120, "cells": 1664, "max_area": 0, "max_gx_in_max_area": 5680, "max_sect": 0, "solutions": 0, "best_sol_actions": null, "steps": 12516790, "sps": 2045, "stall_flat_windows": 1, "c_local": 543, "c_local_band": 101, "c_local_delta": 0, "c_local_band_delta": 0, "c_local_elasticity": null}
[go_explore_solve] STALL WARNING: stuck at 1664 cells for 2 min straight — possible frozen/dead state
[go_explore_solve] {"t": "2026-08-23T20:39:09", "elapsed_s": 6180, "cells": 1664, "max_area": 0, "max_gx_in_max_area": 5680, "max_sect": 0, "solutions": 0, "best_sol_actions": null, "steps": 12644420, "sps": 2046, "stall_flat_windows": 2, "c_local": 543, "c_local_band": 101, "c_local_delta": 0, "c_local_band_delta": 0, "c_local_elasticity": null}
[go_explore_solve] STALL WARNING: stuck at 1664 cells for 3 min straight — possible frozen/dead state
[go_explore_solve] {"t": "2026-08-23T20:40:09", "elapsed_s": 6240, "cells": 1664, "max_area": 0, "max_gx_in_max_area": 5680, "max_sect": 0, "solutions": 0, "best_sol_actions": null, "steps": 12772350, "sps": 2047, "stall_flat_windows": 3, "c_local": 543, "c_local_band": 101, "c_local_delta": 0, "c_local_band_delta": 0, "c_local_elasticity": null}
[go_explore_solve] STALL WARNING: stuck at 1664 cells for 4 min straight — possible frozen/dead state
[go_explore_solve] {"t": "2026-08-23T20:41:09", "elapsed_s": 6300, "cells": 1664, "max_area": 0, "max_gx_in_max_area": 5680, "max_sect": 0, "solutions": 0, "best_sol_actions": null, "steps": 12899700, "sps": 2047, "stall_flat_windows": 4, "c_local": 543, "c_local_band": 101, "c_local_delta": 0, "c_local_band_delta": 0, "c_local_elasticity": null}
[go_explore_solve] STALL WARNING: stuck at 1664 cells for 5 min straight — possible frozen/dead state
[go_explore_solve] {"t": "2026-08-23T20:42:09", "elapsed_s": 6360, "cells": 1664, "max_area": 0, "max_gx_in_max_area": 5680, "max_sect": 0, "solutions": 0, "best_sol_actions": null, "steps": 13027080, "sps": 2048, "stall_flat_windows": 5, "c_local": 543, "c_local_band": 101, "c_local_delta": 0, "c_local_band_delta": 0, "c_local_elasticity": null}
[go_explore_solve] {"t": "2026-08-23T20:43:09", "elapsed_s": 6420, "cells": 1675, "max_area": 0, "max_gx_in_max_area": 5680, "max_sect": 0, "solutions": 0, "best_sol_actions": null, "steps": 13151780, "sps": 2048, "stall_flat_windows": 0, "c_local": 543, "c_local_band": 101, "c_local_delta": 0, "c_local_band_delta": 0, "c_local_elasticity": 0.0}
[go_explore_solve] {"t": "2026-08-23T20:44:09", "elapsed_s": 6480, "cells": 1675, "max_area": 0, "max_gx_in_max_area": 5680, "max_sect": 0, "solutions": 0, "best_sol_actions": null, "steps": 13274050, "sps": 2048, "stall_flat_windows": 1, "c_local": 543, "c_local_band": 101, "c_local_delta": 0, "c_local_band_delta": 0, "c_local_elasticity": null}
[go_explore_solve] {"t": "2026-08-23T20:45:09", "elapsed_s": 6540, "cells": 1677, "max_area": 0, "max_gx_in_max_area": 5680, "max_sect": 0, "solutions": 0, "best_sol_actions": null, "steps": 13395400, "sps": 2048, "stall_flat_windows": 0, "c_local": 543, "c_local_band": 101, "c_local_delta": 0, "c_local_band_delta": 0, "c_local_elasticity": 0.0}
[go_explore_solve] {"t": "2026-08-23T20:46:09", "elapsed_s": 6600, "cells": 1679, "max_area": 0, "max_gx_in_max_area": 5680, "max_sect": 0, "solutions": 0, "best_sol_actions": null, "steps": 13519370, "sps": 2048, "stall_flat_windows": 0, "c_local": 543, "c_local_band": 101, "c_local_delta": 0, "c_local_band_delta": 0, "c_local_elasticity": 0.0}
[go_explore_solve] {"t": "2026-08-23T20:47:09", "elapsed_s": 6660, "cells": 1685, "max_area": 0, "max_gx_in_max_area": 5680, "max_sect": 0, "solutions": 0, "best_sol_actions": null, "steps": 13646020, "sps": 2049, "stall_flat_windows": 0, "c_local": 543, "c_local_band": 101, "c_local_delta": 0, "c_local_band_delta": 0, "c_local_elasticity": 0.0}
[go_explore_solve] {"t": "2026-08-23T20:48:09", "elapsed_s": 6720, "cells": 1686, "max_area": 0, "max_gx_in_max_area": 5680, "max_sect": 0, "solutions": 0, "best_sol_actions": null, "steps": 13773930, "sps": 2050, "stall_flat_windows": 0, "c_local": 543, "c_local_band": 101, "c_local_delta": 0, "c_local_band_delta": 0, "c_local_elasticity": 0.0}
[go_explore_solve] {"t": "2026-08-23T20:49:09", "elapsed_s": 6780, "cells": 1686, "max_area": 0, "max_gx_in_max_area": 5680, "max_sect": 0, "solutions": 0, "best_sol_actions": null, "steps": 13902880, "sps": 2050, "stall_flat_windows": 1, "c_local": 543, "c_local_band": 101, "c_local_delta": 0, "c_local_band_delta": 0, "c_local_elasticity": null}
[go_explore_solve] STALL WARNING: stuck at 1686 cells for 2 min straight — possible frozen/dead state
[go_explore_solve] {"t": "2026-08-23T20:50:09", "elapsed_s": 6840, "cells": 1686, "max_area": 0, "max_gx_in_max_area": 5680, "max_sect": 0, "solutions": 0, "best_sol_actions": null, "steps": 14032230, "sps": 2051, "stall_flat_windows": 2, "c_local": 543, "c_local_band": 101, "c_local_delta": 0, "c_local_band_delta": 0, "c_local_elasticity": null}
[go_explore_solve] STALL WARNING: stuck at 1686 cells for 3 min straight — possible frozen/dead state
[go_explore_solve] {"t": "2026-08-23T20:51:09", "elapsed_s": 6900, "cells": 1686, "max_area": 0, "max_gx_in_max_area": 5680, "max_sect": 0, "solutions": 0, "best_sol_actions": null, "steps": 14161060, "sps": 2052, "stall_flat_windows": 3, "c_local": 543, "c_local_band": 101, "c_local_delta": 0, "c_local_band_delta": 0, "c_local_elasticity": null}
[go_explore_solve] STALL WARNING: stuck at 1686 cells for 4 min straight — possible frozen/dead state
[go_explore_solve] {"t": "2026-08-23T20:52:09", "elapsed_s": 6960, "cells": 1686, "max_area": 0, "max_gx_in_max_area": 5680, "max_sect": 0, "solutions": 0, "best_sol_actions": null, "steps": 14288490, "sps": 2053, "stall_flat_windows": 4, "c_local": 543, "c_local_band": 101, "c_local_delta": 0, "c_local_band_delta": 0, "c_local_elasticity": null}
[go_explore_solve] {"t": "2026-08-23T20:53:09", "elapsed_s": 7020, "cells": 1690, "max_area": 0, "max_gx_in_max_area": 5680, "max_sect": 0, "solutions": 0, "best_sol_actions": null, "steps": 14411740, "sps": 2053, "stall_flat_windows": 0, "c_local": 543, "c_local_band": 101, "c_local_delta": 0, "c_local_band_delta": 0, "c_local_elasticity": 0.0}
[go_explore_solve] {"t": "2026-08-23T20:54:09", "elapsed_s": 7080, "cells": 1690, "max_area": 0, "max_gx_in_max_area": 5680, "max_sect": 0, "solutions": 0, "best_sol_actions": null, "steps": 14535880, "sps": 2053, "stall_flat_windows": 1, "c_local": 543, "c_local_band": 101, "c_local_delta": 0, "c_local_band_delta": 0, "c_local_elasticity": null}
[go_explore_solve] {"t": "2026-08-23T20:55:09", "elapsed_s": 7140, "cells": 1693, "max_area": 0, "max_gx_in_max_area": 5680, "max_sect": 0, "solutions": 0, "best_sol_actions": null, "steps": 14655260, "sps": 2052, "stall_flat_windows": 0, "c_local": 543, "c_local_band": 101, "c_local_delta": 0, "c_local_band_delta": 0, "c_local_elasticity": 0.0}
[go_explore_solve] {"t": "2026-08-23T20:56:09", "elapsed_s": 7200, "cells": 1693, "max_area": 0, "max_gx_in_max_area": 5680, "max_sect": 0, "solutions": 0, "best_sol_actions": null, "steps": 14776410, "sps": 2052, "stall_flat_windows": 1, "c_local": 543, "c_local_band": 101, "c_local_delta": 0, "c_local_band_delta": 0, "c_local_elasticity": null}
[go_explore_solve] STALL WARNING: stuck at 1693 cells for 2 min straight — possible frozen/dead state
[go_explore_solve] {"t": "2026-08-23T20:57:09", "elapsed_s": 7260, "cells": 1693, "max_area": 0, "max_gx_in_max_area": 5680, "max_sect": 0, "solutions": 0, "best_sol_actions": null, "steps": 14899520, "sps": 2052, "stall_flat_windows": 2, "c_local": 543, "c_local_band": 101, "c_local_delta": 0, "c_local_band_delta": 0, "c_local_elasticity": null}
[go_explore_solve] STALL WARNING: stuck at 1693 cells for 3 min straight — possible frozen/dead state
[go_explore_solve] {"t": "2026-08-23T20:58:09", "elapsed_s": 7320, "cells": 1693, "max_area": 0, "max_gx_in_max_area": 5680, "max_sect": 0, "solutions": 0, "best_sol_actions": null, "steps": 15024180, "sps": 2052, "stall_flat_windows": 3, "c_local": 543, "c_local_band": 101, "c_local_delta": 0, "c_local_band_delta": 0, "c_local_elasticity": null}
[go_explore_solve] STALL WARNING: stuck at 1693 cells for 4 min straight — possible frozen/dead state
[go_explore_solve] {"t": "2026-08-23T20:59:09", "elapsed_s": 7380, "cells": 1693, "max_area": 0, "max_gx_in_max_area": 5680, "max_sect": 0, "solutions": 0, "best_sol_actions": null, "steps": 15150760, "sps": 2053, "stall_flat_windows": 4, "c_local": 543, "c_local_band": 101, "c_local_delta": 0, "c_local_band_delta": 0, "c_local_elasticity": null}
[go_explore_solve] STALL WARNING: stuck at 1693 cells for 5 min straight — possible frozen/dead state
[go_explore_solve] {"t": "2026-08-23T21:00:09", "elapsed_s": 7440, "cells": 1693, "max_area": 0, "max_gx_in_max_area": 5680, "max_sect": 0, "solutions": 0, "best_sol_actions": null, "steps": 15278610, "sps": 2053, "stall_flat_windows": 5, "c_local": 543, "c_local_band": 101, "c_local_delta": 0, "c_local_band_delta": 0, "c_local_elasticity": null}
[go_explore_solve] STALL WARNING: stuck at 1693 cells for 6 min straight — possible frozen/dead state
[go_explore_solve] {"t": "2026-08-23T21:01:09", "elapsed_s": 7500, "cells": 1693, "max_area": 0, "max_gx_in_max_area": 5680, "max_sect": 0, "solutions": 0, "best_sol_actions": null, "steps": 15406420, "sps": 2054, "stall_flat_windows": 6, "c_local": 543, "c_local_band": 101, "c_local_delta": 0, "c_local_band_delta": 0, "c_local_elasticity": null}
[go_explore_solve] {"t": "2026-08-23T21:02:09", "elapsed_s": 7560, "cells": 1694, "max_area": 0, "max_gx_in_max_area": 5680, "max_sect": 0, "solutions": 0, "best_sol_actions": null, "steps": 15534600, "sps": 2055, "stall_flat_windows": 0, "c_local": 543, "c_local_band": 101, "c_local_delta": 0, "c_local_band_delta": 0, "c_local_elasticity": 0.0}
[go_explore_solve] {"t": "2026-08-23T21:03:09", "elapsed_s": 7620, "cells": 1694, "max_area": 0, "max_gx_in_max_area": 5680, "max_sect": 0, "solutions": 0, "best_sol_actions": null, "steps": 15662800, "sps": 2055, "stall_flat_windows": 1, "c_local": 543, "c_local_band": 101, "c_local_delta": 0, "c_local_band_delta": 0, "c_local_elasticity": null}
[go_explore_solve] {"t": "2026-08-23T21:04:09", "elapsed_s": 7680, "cells": 1696, "max_area": 0, "max_gx_in_max_area": 5680, "max_sect": 0, "solutions": 0, "best_sol_actions": null, "steps": 15791490, "sps": 2056, "stall_flat_windows": 0, "c_local": 543, "c_local_band": 101, "c_local_delta": 0, "c_local_band_delta": 0, "c_local_elasticity": 0.0}
[go_explore_solve] {"t": "2026-08-23T21:05:09", "elapsed_s": 7740, "cells": 1700, "max_area": 0, "max_gx_in_max_area": 5680, "max_sect": 0, "solutions": 0, "best_sol_actions": null, "steps": 15920180, "sps": 2057, "stall_flat_windows": 0, "c_local": 547, "c_local_band": 101, "c_local_delta": 4, "c_local_band_delta": 0, "c_local_elasticity": 3.1156}
[go_explore_solve] {"t": "2026-08-23T21:06:09", "elapsed_s": 7800, "cells": 1703, "max_area": 0, "max_gx_in_max_area": 5680, "max_sect": 0, "solutions": 0, "best_sol_actions": null, "steps": 16042200, "sps": 2057, "stall_flat_windows": 0, "c_local": 547, "c_local_band": 101, "c_local_delta": 0, "c_local_band_delta": 0, "c_local_elasticity": 0.0}
[go_explore_solve] {"t": "2026-08-23T21:07:09", "elapsed_s": 7860, "cells": 1706, "max_area": 0, "max_gx_in_max_area": 5680, "max_sect": 0, "solutions": 0, "best_sol_actions": null, "steps": 16171610, "sps": 2057, "stall_flat_windows": 0, "c_local": 547, "c_local_band": 101, "c_local_delta": 0, "c_local_band_delta": 0, "c_local_elasticity": 0.0}
[go_explore_solve] {"t": "2026-08-23T21:08:09", "elapsed_s": 7920, "cells": 1715, "max_area": 0, "max_gx_in_max_area": 5680, "max_sect": 0, "solutions": 0, "best_sol_actions": null, "steps": 16302190, "sps": 2058, "stall_flat_windows": 0, "c_local": 547, "c_local_band": 101, "c_local_delta": 0, "c_local_band_delta": 0, "c_local_elasticity": 0.0}
[go_explore_solve] {"t": "2026-08-23T21:09:09", "elapsed_s": 7980, "cells": 1721, "max_area": 0, "max_gx_in_max_area": 5680, "max_sect": 0, "solutions": 0, "best_sol_actions": null, "steps": 16431410, "sps": 2059, "stall_flat_windows": 0, "c_local": 547, "c_local_band": 101, "c_local_delta": 0, "c_local_band_delta": 0, "c_local_elasticity": 0.0}
[go_explore_solve] {"t": "2026-08-23T21:10:09", "elapsed_s": 8040, "cells": 1722, "max_area": 0, "max_gx_in_max_area": 5680, "max_sect": 0, "solutions": 0, "best_sol_actions": null, "steps": 16561080, "sps": 2060, "stall_flat_windows": 0, "c_local": 547, "c_local_band": 101, "c_local_delta": 0, "c_local_band_delta": 0, "c_local_elasticity": 0.0}
[go_explore_solve] {"t": "2026-08-23T21:11:09", "elapsed_s": 8100, "cells": 1726, "max_area": 0, "max_gx_in_max_area": 5680, "max_sect": 0, "solutions": 0, "best_sol_actions": null, "steps": 16690460, "sps": 2060, "stall_flat_windows": 0, "c_local": 547, "c_local_band": 101, "c_local_delta": 0, "c_local_band_delta": 0, "c_local_elasticity": 0.0}
[go_explore_solve] {"t": "2026-08-23T21:12:09", "elapsed_s": 8160, "cells": 1726, "max_area": 0, "max_gx_in_max_area": 5680, "max_sect": 0, "solutions": 0, "best_sol_actions": null, "steps": 16819770, "sps": 2061, "stall_flat_windows": 1, "c_local": 547, "c_local_band": 101, "c_local_delta": 0, "c_local_band_delta": 0, "c_local_elasticity": null}
[go_explore_solve] STALL WARNING: stuck at 1726 cells for 2 min straight — possible frozen/dead state
[go_explore_solve] {"t": "2026-08-23T21:13:09", "elapsed_s": 8220, "cells": 1726, "max_area": 0, "max_gx_in_max_area": 5680, "max_sect": 0, "solutions": 0, "best_sol_actions": null, "steps": 16948530, "sps": 2062, "stall_flat_windows": 2, "c_local": 547, "c_local_band": 101, "c_local_delta": 0, "c_local_band_delta": 0, "c_local_elasticity": null}
[go_explore_solve] {"t": "2026-08-23T21:14:09", "elapsed_s": 8280, "cells": 1728, "max_area": 0, "max_gx_in_max_area": 5680, "max_sect": 0, "solutions": 0, "best_sol_actions": null, "steps": 17077350, "sps": 2062, "stall_flat_windows": 0, "c_local": 547, "c_local_band": 101, "c_local_delta": 0, "c_local_band_delta": 0, "c_local_elasticity": 0.0}
[go_explore_solve] {"t": "2026-08-23T21:15:09", "elapsed_s": 8340, "cells": 1743, "max_area": 0, "max_gx_in_max_area": 5680, "max_sect": 0, "solutions": 0, "best_sol_actions": null, "steps": 17206050, "sps": 2063, "stall_flat_windows": 0, "c_local": 555, "c_local_band": 101, "c_local_delta": 8, "c_local_band_delta": 0, "c_local_elasticity": 1.6799}
[go_explore_solve] {"t": "2026-08-23T21:16:09", "elapsed_s": 8400, "cells": 1743, "max_area": 0, "max_gx_in_max_area": 5680, "max_sect": 0, "solutions": 0, "best_sol_actions": null, "steps": 17334540, "sps": 2064, "stall_flat_windows": 1, "c_local": 555, "c_local_band": 101, "c_local_delta": 0, "c_local_band_delta": 0, "c_local_elasticity": null}
[go_explore_solve] STALL WARNING: stuck at 1743 cells for 2 min straight — possible frozen/dead state
[go_explore_solve] {"t": "2026-08-23T21:17:09", "elapsed_s": 8460, "cells": 1743, "max_area": 0, "max_gx_in_max_area": 5680, "max_sect": 0, "solutions": 0, "best_sol_actions": null, "steps": 17463280, "sps": 2064, "stall_flat_windows": 2, "c_local": 555, "c_local_band": 101, "c_local_delta": 0, "c_local_band_delta": 0, "c_local_elasticity": null}
[go_explore_solve] STALL WARNING: stuck at 1743 cells for 3 min straight — possible frozen/dead state
[go_explore_solve] {"t": "2026-08-23T21:18:09", "elapsed_s": 8520, "cells": 1743, "max_area": 0, "max_gx_in_max_area": 5680, "max_sect": 0, "solutions": 0, "best_sol_actions": null, "steps": 17592550, "sps": 2065, "stall_flat_windows": 3, "c_local": 555, "c_local_band": 101, "c_local_delta": 0, "c_local_band_delta": 0, "c_local_elasticity": null}
[go_explore_solve] STALL WARNING: stuck at 1743 cells for 4 min straight — possible frozen/dead state
[go_explore_solve] {"t": "2026-08-23T21:19:09", "elapsed_s": 8580, "cells": 1743, "max_area": 0, "max_gx_in_max_area": 5680, "max_sect": 0, "solutions": 0, "best_sol_actions": null, "steps": 17721450, "sps": 2065, "stall_flat_windows": 4, "c_local": 555, "c_local_band": 101, "c_local_delta": 0, "c_local_band_delta": 0, "c_local_elasticity": null}
[go_explore_solve] STALL WARNING: stuck at 1743 cells for 5 min straight — possible frozen/dead state
[go_explore_solve] {"t": "2026-08-23T21:20:09", "elapsed_s": 8640, "cells": 1743, "max_area": 0, "max_gx_in_max_area": 5680, "max_sect": 0, "solutions": 0, "best_sol_actions": null, "steps": 17850270, "sps": 2066, "stall_flat_windows": 5, "c_local": 555, "c_local_band": 101, "c_local_delta": 0, "c_local_band_delta": 0, "c_local_elasticity": null}
[go_explore_solve] STALL WARNING: stuck at 1743 cells for 6 min straight — possible frozen/dead state
[go_explore_solve] {"t": "2026-08-23T21:21:09", "elapsed_s": 8700, "cells": 1743, "max_area": 0, "max_gx_in_max_area": 5680, "max_sect": 0, "solutions": 0, "best_sol_actions": null, "steps": 17980190, "sps": 2067, "stall_flat_windows": 6, "c_local": 555, "c_local_band": 101, "c_local_delta": 0, "c_local_band_delta": 0, "c_local_elasticity": null}
[go_explore_solve] {"t": "2026-08-23T21:22:09", "elapsed_s": 8760, "cells": 1745, "max_area": 0, "max_gx_in_max_area": 5680, "max_sect": 0, "solutions": 0, "best_sol_actions": null, "steps": 18110240, "sps": 2067, "stall_flat_windows": 0, "c_local": 557, "c_local_band": 101, "c_local_delta": 2, "c_local_band_delta": 0, "c_local_elasticity": 3.1367}
[go_explore_solve] {"t": "2026-08-23T21:23:09", "elapsed_s": 8820, "cells": 1749, "max_area": 0, "max_gx_in_max_area": 5680, "max_sect": 0, "solutions": 0, "best_sol_actions": null, "steps": 18240880, "sps": 2068, "stall_flat_windows": 0, "c_local": 557, "c_local_band": 101, "c_local_delta": 0, "c_local_band_delta": 0, "c_local_elasticity": 0.0}
[go_explore_solve] {"t": "2026-08-23T21:24:09", "elapsed_s": 8880, "cells": 1751, "max_area": 0, "max_gx_in_max_area": 5680, "max_sect": 0, "solutions": 0, "best_sol_actions": null, "steps": 18371590, "sps": 2069, "stall_flat_windows": 0, "c_local": 557, "c_local_band": 101, "c_local_delta": 0, "c_local_band_delta": 0, "c_local_elasticity": 0.0}
[go_explore_solve] {"t": "2026-08-23T21:25:09", "elapsed_s": 8940, "cells": 1753, "max_area": 0, "max_gx_in_max_area": 5680, "max_sect": 0, "solutions": 0, "best_sol_actions": null, "steps": 18501930, "sps": 2069, "stall_flat_windows": 0, "c_local": 559, "c_local_band": 101, "c_local_delta": 2, "c_local_band_delta": 0, "c_local_elasticity": 3.1398}
[go_explore_solve] {"t": "2026-08-23T21:26:09", "elapsed_s": 9000, "cells": 1754, "max_area": 0, "max_gx_in_max_area": 5680, "max_sect": 0, "solutions": 0, "best_sol_actions": null, "steps": 18631420, "sps": 2070, "stall_flat_windows": 0, "c_local": 559, "c_local_band": 101, "c_local_delta": 0, "c_local_band_delta": 0, "c_local_elasticity": 0.0}
[go_explore_solve] {"t": "2026-08-23T21:27:09", "elapsed_s": 9060, "cells": 1756, "max_area": 0, "max_gx_in_max_area": 5680, "max_sect": 0, "solutions": 0, "best_sol_actions": null, "steps": 18761330, "sps": 2071, "stall_flat_windows": 0, "c_local": 559, "c_local_band": 101, "c_local_delta": 0, "c_local_band_delta": 0, "c_local_elasticity": 0.0}
[go_explore_solve] {"t": "2026-08-23T21:28:09", "elapsed_s": 9120, "cells": 1760, "max_area": 0, "max_gx_in_max_area": 5680, "max_sect": 0, "solutions": 0, "best_sol_actions": null, "steps": 18891290, "sps": 2071, "stall_flat_windows": 0, "c_local": 559, "c_local_band": 101, "c_local_delta": 0, "c_local_band_delta": 0, "c_local_elasticity": 0.0}
[go_explore_solve] {"t": "2026-08-23T21:29:09", "elapsed_s": 9180, "cells": 1760, "max_area": 0, "max_gx_in_max_area": 5680, "max_sect": 0, "solutions": 0, "best_sol_actions": null, "steps": 18997580, "sps": 2069, "stall_flat_windows": 1, "c_local": 559, "c_local_band": 101, "c_local_delta": 0, "c_local_band_delta": 0, "c_local_elasticity": null}
[go_explore_solve] STALL WARNING: stuck at 1760 cells for 2 min straight — possible frozen/dead state
[go_explore_solve] {"t": "2026-08-23T21:30:09", "elapsed_s": 9240, "cells": 1760, "max_area": 0, "max_gx_in_max_area": 5680, "max_sect": 0, "solutions": 0, "best_sol_actions": null, "steps": 19094760, "sps": 2066, "stall_flat_windows": 2, "c_local": 559, "c_local_band": 101, "c_local_delta": 0, "c_local_band_delta": 0, "c_local_elasticity": null}
[go_explore_solve] STALL WARNING: stuck at 1760 cells for 3 min straight — possible frozen/dead state
[go_explore_solve] {"t": "2026-08-23T21:31:09", "elapsed_s": 9300, "cells": 1760, "max_area": 0, "max_gx_in_max_area": 5680, "max_sect": 0, "solutions": 0, "best_sol_actions": null, "steps": 19190530, "sps": 2063, "stall_flat_windows": 3, "c_local": 559, "c_local_band": 101, "c_local_delta": 0, "c_local_band_delta": 0, "c_local_elasticity": null}
[go_explore_solve] {"t": "2026-08-23T21:32:09", "elapsed_s": 9360, "cells": 1764, "max_area": 0, "max_gx_in_max_area": 5680, "max_sect": 0, "solutions": 0, "best_sol_actions": null, "steps": 19282650, "sps": 2060, "stall_flat_windows": 0, "c_local": 559, "c_local_band": 101, "c_local_delta": 0, "c_local_band_delta": 0, "c_local_elasticity": 0.0}
[go_explore_solve] {"t": "2026-08-23T21:33:09", "elapsed_s": 9420, "cells": 1764, "max_area": 0, "max_gx_in_max_area": 5680, "max_sect": 0, "solutions": 0, "best_sol_actions": null, "steps": 19376830, "sps": 2057, "stall_flat_windows": 1, "c_local": 559, "c_local_band": 101, "c_local_delta": 0, "c_local_band_delta": 0, "c_local_elasticity": null}
[go_explore_solve] STALL WARNING: stuck at 1764 cells for 2 min straight — possible frozen/dead state
[go_explore_solve] {"t": "2026-08-23T21:34:09", "elapsed_s": 9480, "cells": 1764, "max_area": 0, "max_gx_in_max_area": 5680, "max_sect": 0, "solutions": 0, "best_sol_actions": null, "steps": 19466050, "sps": 2053, "stall_flat_windows": 2, "c_local": 559, "c_local_band": 101, "c_local_delta": 0, "c_local_band_delta": 0, "c_local_elasticity": null}
[go_explore_solve] STALL WARNING: stuck at 1764 cells for 3 min straight — possible frozen/dead state
[go_explore_solve] {"t": "2026-08-23T21:35:09", "elapsed_s": 9540, "cells": 1764, "max_area": 0, "max_gx_in_max_area": 5680, "max_sect": 0, "solutions": 0, "best_sol_actions": null, "steps": 19556270, "sps": 2050, "stall_flat_windows": 3, "c_local": 559, "c_local_band": 101, "c_local_delta": 0, "c_local_band_delta": 0, "c_local_elasticity": null}
[go_explore_solve] STALL WARNING: stuck at 1764 cells for 4 min straight — possible frozen/dead state
[go_explore_solve] {"t": "2026-08-23T21:36:09", "elapsed_s": 9600, "cells": 1764, "max_area": 0, "max_gx_in_max_area": 5680, "max_sect": 0, "solutions": 0, "best_sol_actions": null, "steps": 19648130, "sps": 2047, "stall_flat_windows": 4, "c_local": 559, "c_local_band": 101, "c_local_delta": 0, "c_local_band_delta": 0, "c_local_elasticity": null}
[go_explore_solve] STALL WARNING: stuck at 1764 cells for 5 min straight — possible frozen/dead state
[go_explore_solve] {"t": "2026-08-23T21:37:09", "elapsed_s": 9660, "cells": 1764, "max_area": 0, "max_gx_in_max_area": 5680, "max_sect": 0, "solutions": 0, "best_sol_actions": null, "steps": 19738960, "sps": 2043, "stall_flat_windows": 5, "c_local": 559, "c_local_band": 101, "c_local_delta": 0, "c_local_band_delta": 0, "c_local_elasticity": null}
[go_explore_solve] STALL WARNING: stuck at 1764 cells for 6 min straight — possible frozen/dead state
[go_explore_solve] {"t": "2026-08-23T21:38:09", "elapsed_s": 9720, "cells": 1764, "max_area": 0, "max_gx_in_max_area": 5680, "max_sect": 0, "solutions": 0, "best_sol_actions": null, "steps": 19830110, "sps": 2040, "stall_flat_windows": 6, "c_local": 559, "c_local_band": 101, "c_local_delta": 0, "c_local_band_delta": 0, "c_local_elasticity": null}
[go_explore_solve] STALL WARNING: stuck at 1764 cells for 7 min straight — possible frozen/dead state
[go_explore_solve] {"t": "2026-08-23T21:39:09", "elapsed_s": 9780, "cells": 1764, "max_area": 0, "max_gx_in_max_area": 5680, "max_sect": 0, "solutions": 0, "best_sol_actions": null, "steps": 19922970, "sps": 2037, "stall_flat_windows": 7, "c_local": 559, "c_local_band": 101, "c_local_delta": 0, "c_local_band_delta": 0, "c_local_elasticity": null}
[go_explore_solve] STALL WARNING: stuck at 1764 cells for 8 min straight — possible frozen/dead state
[go_explore_solve] {"t": "2026-08-23T21:40:09", "elapsed_s": 9840, "cells": 1764, "max_area": 0, "max_gx_in_max_area": 5680, "max_sect": 0, "solutions": 0, "best_sol_actions": null, "steps": 20015920, "sps": 2034, "stall_flat_windows": 8, "c_local": 559, "c_local_band": 101, "c_local_delta": 0, "c_local_band_delta": 0, "c_local_elasticity": null}
[go_explore_solve] STALL WARNING: stuck at 1764 cells for 9 min straight — possible frozen/dead state
[go_explore_solve] {"t": "2026-08-23T21:41:09", "elapsed_s": 9900, "cells": 1764, "max_area": 0, "max_gx_in_max_area": 5680, "max_sect": 0, "solutions": 0, "best_sol_actions": null, "steps": 20106890, "sps": 2031, "stall_flat_windows": 9, "c_local": 559, "c_local_band": 101, "c_local_delta": 0, "c_local_band_delta": 0, "c_local_elasticity": null}
[go_explore_solve] STALL WARNING: stuck at 1764 cells for 10 min straight — possible frozen/dead state
[go_explore_solve] {"t": "2026-08-23T21:42:09", "elapsed_s": 9960, "cells": 1764, "max_area": 0, "max_gx_in_max_area": 5680, "max_sect": 0, "solutions": 0, "best_sol_actions": null, "steps": 20197440, "sps": 2028, "stall_flat_windows": 10, "c_local": 559, "c_local_band": 101, "c_local_delta": 0, "c_local_band_delta": 0, "c_local_elasticity": null}
[go_explore_solve] STALL WARNING: stuck at 1764 cells for 11 min straight — possible frozen/dead state
[go_explore_solve] {"t": "2026-08-23T21:43:09", "elapsed_s": 10020, "cells": 1764, "max_area": 0, "max_gx_in_max_area": 5680, "max_sect": 0, "solutions": 0, "best_sol_actions": null, "steps": 20287130, "sps": 2025, "stall_flat_windows": 11, "c_local": 559, "c_local_band": 101, "c_local_delta": 0, "c_local_band_delta": 0, "c_local_elasticity": null}
[go_explore_solve] STALL WARNING: stuck at 1764 cells for 12 min straight — possible frozen/dead state
[go_explore_solve] {"t": "2026-08-23T21:44:09", "elapsed_s": 10080, "cells": 1764, "max_area": 0, "max_gx_in_max_area": 5680, "max_sect": 0, "solutions": 0, "best_sol_actions": null, "steps": 20379410, "sps": 2022, "stall_flat_windows": 12, "c_local": 559, "c_local_band": 101, "c_local_delta": 0, "c_local_band_delta": 0, "c_local_elasticity": null}
[go_explore_solve] STALL WARNING: stuck at 1764 cells for 13 min straight — possible frozen/dead state
[go_explore_solve] {"t": "2026-08-23T21:45:09", "elapsed_s": 10140, "cells": 1764, "max_area": 0, "max_gx_in_max_area": 5680, "max_sect": 0, "solutions": 0, "best_sol_actions": null, "steps": 20472030, "sps": 2019, "stall_flat_windows": 13, "c_local": 559, "c_local_band": 101, "c_local_delta": 0, "c_local_band_delta": 0, "c_local_elasticity": null}
[go_explore_solve] STALL WARNING: stuck at 1764 cells for 14 min straight — possible frozen/dead state
[go_explore_solve] {"t": "2026-08-23T21:46:09", "elapsed_s": 10200, "cells": 1764, "max_area": 0, "max_gx_in_max_area": 5680, "max_sect": 0, "solutions": 0, "best_sol_actions": null, "steps": 20561320, "sps": 2016, "stall_flat_windows": 14, "c_local": 559, "c_local_band": 101, "c_local_delta": 0, "c_local_band_delta": 0, "c_local_elasticity": null}
[go_explore_solve] STALL WARNING: stuck at 1764 cells for 15 min straight — possible frozen/dead state
[go_explore_solve] {"t": "2026-08-23T21:47:09", "elapsed_s": 10260, "cells": 1764, "max_area": 0, "max_gx_in_max_area": 5680, "max_sect": 0, "solutions": 0, "best_sol_actions": null, "steps": 20649730, "sps": 2013, "stall_flat_windows": 15, "c_local": 559, "c_local_band": 101, "c_local_delta": 0, "c_local_band_delta": 0, "c_local_elasticity": null}
[go_explore_solve] {"t": "2026-08-23T21:48:09", "elapsed_s": 10320, "cells": 1768, "max_area": 0, "max_gx_in_max_area": 5680, "max_sect": 0, "solutions": 0, "best_sol_actions": null, "steps": 20739800, "sps": 2010, "stall_flat_windows": 0, "c_local": 563, "c_local_band": 105, "c_local_delta": 4, "c_local_band_delta": 4, "c_local_elasticity": 3.148}
[go_explore_solve] {"t": "2026-08-23T21:49:09", "elapsed_s": 10380, "cells": 1768, "max_area": 0, "max_gx_in_max_area": 5680, "max_sect": 0, "solutions": 0, "best_sol_actions": null, "steps": 20835370, "sps": 2007, "stall_flat_windows": 1, "c_local": 563, "c_local_band": 105, "c_local_delta": 0, "c_local_band_delta": 0, "c_local_elasticity": null}
[go_explore_solve] STALL WARNING: stuck at 1768 cells for 2 min straight — possible frozen/dead state
[go_explore_solve] {"t": "2026-08-23T21:50:09", "elapsed_s": 10440, "cells": 1768, "max_area": 0, "max_gx_in_max_area": 5680, "max_sect": 0, "solutions": 0, "best_sol_actions": null, "steps": 20934410, "sps": 2005, "stall_flat_windows": 2, "c_local": 563, "c_local_band": 105, "c_local_delta": 0, "c_local_band_delta": 0, "c_local_elasticity": null}
[go_explore_solve] STALL WARNING: stuck at 1768 cells for 3 min straight — possible frozen/dead state
[go_explore_solve] {"t": "2026-08-23T21:51:09", "elapsed_s": 10500, "cells": 1768, "max_area": 0, "max_gx_in_max_area": 5680, "max_sect": 0, "solutions": 0, "best_sol_actions": null, "steps": 21033640, "sps": 2003, "stall_flat_windows": 3, "c_local": 563, "c_local_band": 105, "c_local_delta": 0, "c_local_band_delta": 0, "c_local_elasticity": null}
[go_explore_solve] STALL WARNING: stuck at 1768 cells for 4 min straight — possible frozen/dead state
[go_explore_solve] {"t": "2026-08-23T21:52:09", "elapsed_s": 10560, "cells": 1768, "max_area": 0, "max_gx_in_max_area": 5680, "max_sect": 0, "solutions": 0, "best_sol_actions": null, "steps": 21133350, "sps": 2001, "stall_flat_windows": 4, "c_local": 563, "c_local_band": 105, "c_local_delta": 0, "c_local_band_delta": 0, "c_local_elasticity": null}
[go_explore_solve] {"t": "2026-08-23T21:53:09", "elapsed_s": 10620, "cells": 1772, "max_area": 0, "max_gx_in_max_area": 5680, "max_sect": 0, "solutions": 0, "best_sol_actions": null, "steps": 21233190, "sps": 1999, "stall_flat_windows": 0, "c_local": 563, "c_local_band": 105, "c_local_delta": 0, "c_local_band_delta": 0, "c_local_elasticity": 0.0}
[go_explore_solve] {"t": "2026-08-23T21:54:09", "elapsed_s": 10680, "cells": 1772, "max_area": 0, "max_gx_in_max_area": 5680, "max_sect": 0, "solutions": 0, "best_sol_actions": null, "steps": 21332860, "sps": 1997, "stall_flat_windows": 1, "c_local": 563, "c_local_band": 105, "c_local_delta": 0, "c_local_band_delta": 0, "c_local_elasticity": null}
[go_explore_solve] STALL WARNING: stuck at 1772 cells for 2 min straight — possible frozen/dead state
[go_explore_solve] {"t": "2026-08-23T21:55:09", "elapsed_s": 10740, "cells": 1772, "max_area": 0, "max_gx_in_max_area": 5680, "max_sect": 0, "solutions": 0, "best_sol_actions": null, "steps": 21432320, "sps": 1995, "stall_flat_windows": 2, "c_local": 563, "c_local_band": 105, "c_local_delta": 0, "c_local_band_delta": 0, "c_local_elasticity": null}
[go_explore_solve] STALL WARNING: stuck at 1772 cells for 3 min straight — possible frozen/dead state
[go_explore_solve] {"t": "2026-08-23T21:56:09", "elapsed_s": 10800, "cells": 1772, "max_area": 0, "max_gx_in_max_area": 5680, "max_sect": 0, "solutions": 0, "best_sol_actions": null, "steps": 21529240, "sps": 1993, "stall_flat_windows": 3, "c_local": 563, "c_local_band": 105, "c_local_delta": 0, "c_local_band_delta": 0, "c_local_elasticity": null}
[go_explore_solve] done: {"cells": 1772, "frontier": 1245, "best_score": 5680, "records": 20967442, "new_cells": 439, "improvements": 25760}, 0 solutions -> runs/rygar_odo_night
