00:17:53 [INFO] train_game: [launcher] profile=_v27_pilot_tau0.30.yaml game=Mario 1-1 v27 PILOT isolate tau0.30 num_envs=60 iters=2 resume=True
00:17:53 [INFO] src.training.trainer: [trainer] macOS malloc_zone_pressure_relief bound (all zones)
00:17:53 [INFO] src.training.trainer: Deterministic seed set: 0
00:17:53 [INFO] src.training.trainer: ROM roms/Super Mario Bros. (World).nes loaded: md5=8e3630186e35d477231bf8fd50e54cdd mapper=0 nes2.0=False. Add 'expected_md5: 8e3630186e35d477231bf8fd50e54cdd' to the profile to lock.
00:17:53 [INFO] src.training.trainer: Tile mode active: encoder=smb_tiles_pos, base_feature_dim=178, frame_stack=4, total_feature_dim=712
00:17:53 [INFO] src.training.trainer: Using device: cpu
00:17:53 [INFO] src.training.trainer: CPU device: capped torch intra-op threads to 1 (default 12) — small-tensor thread sync costs more than the math
00:17:53 [INFO] train_game: [launcher] checkpoint_dir = checkpoints/mario_1_1_v27_pilot_isolate_tau0_30
00:17:53 [INFO] train_game: [launcher] wrote run manifest: checkpoints/mario_1_1_v27_pilot_isolate_tau0_30/run_manifest.json
00:17:53 [INFO] src.training.trainer: [startup] metrics log reset + previous run archived: 0.00s
00:17:53 [INFO] src.training.trainer: [startup] audio mixer built: 0.00s
00:17:53 [INFO] src.training.trainer: [startup] pre-GA: 0.00s
00:17:53 [INFO] src.training.trainer: [policy] class=TilePolicyNetwork params=48135 (hidden=64, trunk/gru=32, features=712, actions=6)
00:17:53 [INFO] src.training.trainer: [policy] class=TilePolicyNetwork params=48135 (hidden=64, trunk/gru=32, features=712, actions=6)
00:17:53 [INFO] src.training.trainer: [policy] class=TilePolicyNetwork params=48135 (hidden=64, trunk/gru=32, features=712, actions=6)
00:17:53 [INFO] src.training.trainer: [policy] class=TilePolicyNetwork params=48135 (hidden=64, trunk/gru=32, features=712, actions=6)
00:17:53 [INFO] src.training.trainer: [policy] class=TilePolicyNetwork params=48135 (hidden=64, trunk/gru=32, features=712, actions=6)
00:17:53 [INFO] src.training.trainer: [policy] class=TilePolicyNetwork params=48135 (hidden=64, trunk/gru=32, features=712, actions=6)
00:17:53 [INFO] src.training.trainer: [policy] class=TilePolicyNetwork params=48135 (hidden=64, trunk/gru=32, features=712, actions=6)
00:17:53 [INFO] src.training.trainer: [policy] class=TilePolicyNetwork params=48135 (hidden=64, trunk/gru=32, features=712, actions=6)
00:17:53 [INFO] src.training.trainer: [policy] class=TilePolicyNetwork params=48135 (hidden=64, trunk/gru=32, features=712, actions=6)
00:17:53 [INFO] src.training.trainer: [policy] class=TilePolicyNetwork params=48135 (hidden=64, trunk/gru=32, features=712, actions=6)
00:17:53 [INFO] src.training.trainer: [policy] class=TilePolicyNetwork params=48135 (hidden=64, trunk/gru=32, features=712, actions=6)
00:17:53 [INFO] src.training.trainer: [policy] class=TilePolicyNetwork params=48135 (hidden=64, trunk/gru=32, features=712, actions=6)
00:17:53 [INFO] src.training.trainer: [policy] class=TilePolicyNetwork params=48135 (hidden=64, trunk/gru=32, features=712, actions=6)
00:17:53 [INFO] src.training.trainer: [policy] class=TilePolicyNetwork params=48135 (hidden=64, trunk/gru=32, features=712, actions=6)
00:17:53 [INFO] src.training.trainer: [policy] class=TilePolicyNetwork params=48135 (hidden=64, trunk/gru=32, features=712, actions=6)
00:17:53 [INFO] src.training.trainer: [policy] class=TilePolicyNetwork params=48135 (hidden=64, trunk/gru=32, features=712, actions=6)
00:17:53 [INFO] src.training.trainer: [policy] class=TilePolicyNetwork params=48135 (hidden=64, trunk/gru=32, features=712, actions=6)
00:17:53 [INFO] src.training.trainer: [policy] class=TilePolicyNetwork params=48135 (hidden=64, trunk/gru=32, features=712, actions=6)
00:17:53 [INFO] src.training.trainer: [policy] class=TilePolicyNetwork params=48135 (hidden=64, trunk/gru=32, features=712, actions=6)
00:17:53 [INFO] src.training.trainer: [policy] class=TilePolicyNetwork params=48135 (hidden=64, trunk/gru=32, features=712, actions=6)
00:17:53 [INFO] src.training.trainer: [policy] class=TilePolicyNetwork params=48135 (hidden=64, trunk/gru=32, features=712, actions=6)
00:17:53 [INFO] src.training.trainer: [policy] class=TilePolicyNetwork params=48135 (hidden=64, trunk/gru=32, features=712, actions=6)
00:17:53 [INFO] src.training.trainer: [policy] class=TilePolicyNetwork params=48135 (hidden=64, trunk/gru=32, features=712, actions=6)
00:17:53 [INFO] src.training.trainer: [policy] class=TilePolicyNetwork params=48135 (hidden=64, trunk/gru=32, features=712, actions=6)
00:17:53 [INFO] src.training.trainer: [policy] class=TilePolicyNetwork params=48135 (hidden=64, trunk/gru=32, features=712, actions=6)
00:17:53 [INFO] src.training.trainer: [policy] class=TilePolicyNetwork params=48135 (hidden=64, trunk/gru=32, features=712, actions=6)
00:17:53 [INFO] src.training.trainer: [policy] class=TilePolicyNetwork params=48135 (hidden=64, trunk/gru=32, features=712, actions=6)
00:17:53 [INFO] src.training.trainer: [policy] class=TilePolicyNetwork params=48135 (hidden=64, trunk/gru=32, features=712, actions=6)
00:17:53 [INFO] src.training.trainer: [policy] class=TilePolicyNetwork params=48135 (hidden=64, trunk/gru=32, features=712, actions=6)
00:17:53 [INFO] src.training.trainer: [policy] class=TilePolicyNetwork params=48135 (hidden=64, trunk/gru=32, features=712, actions=6)
00:17:53 [INFO] src.training.trainer: [policy] class=TilePolicyNetwork params=48135 (hidden=64, trunk/gru=32, features=712, actions=6)
00:17:53 [INFO] src.training.trainer: [policy] class=TilePolicyNetwork params=48135 (hidden=64, trunk/gru=32, features=712, actions=6)
00:17:53 [INFO] src.training.trainer: [policy] class=TilePolicyNetwork params=48135 (hidden=64, trunk/gru=32, features=712, actions=6)
00:17:53 [INFO] src.training.trainer: [policy] class=TilePolicyNetwork params=48135 (hidden=64, trunk/gru=32, features=712, actions=6)
00:17:53 [INFO] src.training.trainer: [policy] class=TilePolicyNetwork params=48135 (hidden=64, trunk/gru=32, features=712, actions=6)
00:17:53 [INFO] src.training.trainer: [policy] class=TilePolicyNetwork params=48135 (hidden=64, trunk/gru=32, features=712, actions=6)
00:17:53 [INFO] src.training.trainer: [policy] class=TilePolicyNetwork params=48135 (hidden=64, trunk/gru=32, features=712, actions=6)
00:17:53 [INFO] src.training.trainer: [policy] class=TilePolicyNetwork params=48135 (hidden=64, trunk/gru=32, features=712, actions=6)
00:17:53 [INFO] src.training.trainer: [policy] class=TilePolicyNetwork params=48135 (hidden=64, trunk/gru=32, features=712, actions=6)
00:17:53 [INFO] src.training.trainer: [policy] class=TilePolicyNetwork params=48135 (hidden=64, trunk/gru=32, features=712, actions=6)
00:17:53 [INFO] src.training.trainer: [policy] class=TilePolicyNetwork params=48135 (hidden=64, trunk/gru=32, features=712, actions=6)
00:17:53 [INFO] src.training.trainer: [policy] class=TilePolicyNetwork params=48135 (hidden=64, trunk/gru=32, features=712, actions=6)
00:17:53 [INFO] src.training.trainer: [policy] class=TilePolicyNetwork params=48135 (hidden=64, trunk/gru=32, features=712, actions=6)
00:17:53 [INFO] src.training.trainer: [policy] class=TilePolicyNetwork params=48135 (hidden=64, trunk/gru=32, features=712, actions=6)
00:17:53 [INFO] src.training.trainer: [policy] class=TilePolicyNetwork params=48135 (hidden=64, trunk/gru=32, features=712, actions=6)
00:17:53 [INFO] src.training.trainer: [policy] class=TilePolicyNetwork params=48135 (hidden=64, trunk/gru=32, features=712, actions=6)
00:17:53 [INFO] src.training.trainer: [policy] class=TilePolicyNetwork params=48135 (hidden=64, trunk/gru=32, features=712, actions=6)
00:17:53 [INFO] src.training.trainer: [policy] class=TilePolicyNetwork params=48135 (hidden=64, trunk/gru=32, features=712, actions=6)
00:17:53 [INFO] src.training.trainer: [policy] class=TilePolicyNetwork params=48135 (hidden=64, trunk/gru=32, features=712, actions=6)
00:17:53 [INFO] src.training.trainer: [policy] class=TilePolicyNetwork params=48135 (hidden=64, trunk/gru=32, features=712, actions=6)
00:17:53 [INFO] src.training.trainer: [policy] class=TilePolicyNetwork params=48135 (hidden=64, trunk/gru=32, features=712, actions=6)
00:17:53 [INFO] src.training.trainer: [policy] class=TilePolicyNetwork params=48135 (hidden=64, trunk/gru=32, features=712, actions=6)
00:17:53 [INFO] src.training.trainer: [policy] class=TilePolicyNetwork params=48135 (hidden=64, trunk/gru=32, features=712, actions=6)
00:17:53 [INFO] src.training.trainer: [policy] class=TilePolicyNetwork params=48135 (hidden=64, trunk/gru=32, features=712, actions=6)
00:17:53 [INFO] src.training.trainer: [policy] class=TilePolicyNetwork params=48135 (hidden=64, trunk/gru=32, features=712, actions=6)
00:17:53 [INFO] src.training.trainer: [policy] class=TilePolicyNetwork params=48135 (hidden=64, trunk/gru=32, features=712, actions=6)
00:17:53 [INFO] src.training.trainer: [policy] class=TilePolicyNetwork params=48135 (hidden=64, trunk/gru=32, features=712, actions=6)
00:17:53 [INFO] src.training.trainer: [policy] class=TilePolicyNetwork params=48135 (hidden=64, trunk/gru=32, features=712, actions=6)
00:17:53 [INFO] src.training.trainer: [policy] class=TilePolicyNetwork params=48135 (hidden=64, trunk/gru=32, features=712, actions=6)
00:17:53 [INFO] src.training.trainer: [policy] class=TilePolicyNetwork params=48135 (hidden=64, trunk/gru=32, features=712, actions=6)
00:17:53 [INFO] src.training.trainer: [startup] GA init / resume: 0.08s
[nes_core::Pool] start state runs/live_show/smb_4_4_micro/entrance_start.state: NCST binary format (21159 body bytes, 1 prefix strips)
00:17:53 [INFO] src.training.trainer: Pool headless=ON (no frame sink) — skipping RGB frame render; policy obs (RAM / preprocessed) unaffected.
00:17:53 [INFO] src.training.trainer: Pool skip_preprocess=ON (tile mode) — skipping the 84x84 gray+resize kernel; policy reads RAM (ram_snapshot).
00:17:53 [INFO] src.training.trainer: Pool panic_isolation=OFF — production fast path. Worker panics may abort the process.
00:17:53 [INFO] src.training.trainer: [startup] pool.start (workers spawned): 0.00s
00:17:53 [INFO] src.training.trainer: [startup] reset_all (first frames published): 0.01s
00:17:53 [INFO] src.training.trainer: [startup] ready — beginning training
00:17:53 [INFO] src.training.trainer: [policy] class=TilePolicyNetwork params=48135 (hidden=64, trunk/gru=32, features=712, actions=6)
00:17:53 [INFO] src.training.exploration_controller: [vanilla_ppo] RND enabled (tile_mlp): predictor=116544 params, intrinsic_coef=0.100, loss_coef=1.000
00:17:54 [INFO] src.training.trainer: [redo] ENABLED tau=0.3 every_iters=1 scope=fc1,fc2 sample=4096 reset_moments=true
00:17:54 [INFO] src.training.checkpoint_manager: [vanilla_ppo] wrote run manifest: checkpoints/mario_1_1_v27_pilot_isolate_tau0_30/run_manifest.json
00:17:54 [INFO] src.training.trainer: [vanilla_ppo] curriculum starting fresh at stage 0 (all envs train 1-1; advance when rolling-mean clear fraction over 5 iters >= 50%)
00:17:54 [INFO] src.training.trainer: [backward] ENABLED: 785 states (15 MB) from checkpoints/backward_states/1-1-v27 | tau0=784 window=160 frames (40 entries) advance=+40 entries at >=0.20 over 30 attempts | entrance_weight=1.00
00:17:54 [INFO] src.training.trainer: [vanilla_ppo] STICKY TRAINING on: p=0.25 (executed-action log-probs; eval protocol parity) boundary_reset=True
00:18:20 [INFO] src.training.trainer: [redo] iter 0: dormant fc1 0/64 fc2 2/32 recycled 2 cum 2 agree 0.9766 max_dlogit 0.049213
00:18:20 [INFO] src.training.trainer: [vanilla_ppo] iter 0: completed_eps=140  mean_return=676.5  mean_len=324.1  in_progress=60  ip_return=490.6  ip_len=267.7  clears=123  loss=4.4059  policy=0.0937  value=17.2669  entropy=1.7808
00:18:20 [INFO] src.training.trainer: [vanilla_ppo] iter 0 throughput: 2378 env-steps/s | 9514 NES-fps | 159x realtime | 25.83 s/iter
00:18:20 [INFO] src.training.trainer: [backward] iter 0: tau=744/784 (step 717 frame 2868 gx 2928) trailing 2/2=1.00 (advance at >=0.20 over 30) advances=1 | entrance 0/4=0.000 | truncated 0
00:18:46 [INFO] src.training.trainer: [redo] iter 1: dormant fc1 0/64 fc2 13/32 recycled 13 cum 15 agree 0.6428 max_dlogit 0.268612
00:18:46 [INFO] src.training.trainer: [vanilla_ppo] iter 1: completed_eps=141  mean_return=768.9  mean_len=354.1  in_progress=60  ip_return=591.5  ip_len=191.9  clears=119  loss=4.6161  policy=-0.0079  value=18.5174  entropy=1.7549
00:18:46 [INFO] src.training.trainer: [vanilla_ppo] iter 1 throughput: 2337 env-steps/s | 9346 NES-fps | 156x realtime | 26.30 s/iter
00:18:46 [INFO] src.training.trainer: [backward] iter 1: tau=664/784 (step 637 frame 2548 gx 2602) trailing 1/30=0.03 (advance at >=0.20 over 30) advances=3 | entrance 0/9=0.000 | truncated 13
