shift+2 per-segment (row=F-1+2):
  materialize n=   1 exact=  0 median=   31 p90=   31 max=  31 lives_match=1/1 round_match=1/1
  round1      n= 323 exact=  0 median=  139 p90=  188 max= 292 lives_match=323/323 round_match=322/323
  seam1       n=   9 exact=  0 median=  297 p90=  301 max= 303 lives_match=9/9 round_match=0/9
  round2      n= 510 exact=  0 median=  280 p90=  336 max= 789 lives_match=204/510 round_match=432/510
  seam2       n=   9 exact=  0 median=  798 p90=  803 max= 803 lives_match=0/9 round_match=0/9
  round3      n= 435 exact=  0 median=  727 p90=  783 max= 819 lives_match=0/435 round_match=0/435

round1 rows, first 40 + around fork: raw_frame | diff | nes(x,y,enem,score) | mesen(x,y,enem,score)
   1816 |   31 | ( 24, 80,3,39393939390) | ( 24, 80,3,39393939390) 
   1820 |   43 | ( 24, 72,3,39393939390) | ( 24, 72,3,39393939390) 
   1824 |   37 | ( 24, 62,3,39393939390) | ( 24, 62,3,39393939390) 
   1828 |   49 | ( 24, 54,3,39393939390) | ( 24, 54,3,39393939390) 
   1832 |   48 | ( 24, 46,3,39393939390) | ( 24, 46,3,39393939390) 
   1836 |   51 | ( 24, 42,3,39393939390) | ( 24, 42,3,39393939390) 
   1840 |   53 | ( 22, 38,3,39393939390) | ( 23, 38,3,39393939390) 
   1844 |   49 | ( 22, 37,3,39393939390) | ( 23, 37,3,39393939390) 
   1848 |   42 | ( 22, 37,3,39393939390) | ( 23, 37,3,39393939390) 
   1852 |   54 | ( 22, 40,3,39393939390) | ( 23, 40,3,39393939390) 
   1856 |   45 | ( 22, 44,3,39393939390) | ( 23, 44,3,39393939390) 
   1860 |   45 | ( 22, 50,3,39393939390) | ( 23, 50,3,39393939390) 
   1864 |   41 | ( 22, 58,3,39393939390) | ( 23, 58,3,39393939390) 
   1868 |   60 | ( 22, 64,3,39393939390) | ( 23, 66,3,39393939390) 
   1872 |   37 | ( 22, 78,3,39393939390) | ( 23, 78,3,39393939390) 
   1876 |   54 | ( 26, 80,3,39393939390) | ( 26, 80,3,39393939390) 
   1880 |   49 | ( 30, 80,3,39393939390) | ( 30, 80,3,39393939390) 
   1884 |   48 | ( 32, 84,3,39393939390) | ( 32, 84,3,39393939390) 
   1888 |   39 | ( 34, 88,3,39393939390) | ( 33, 88,3,39393939390) 
   1892 |   41 | ( 35, 92,3,39393939390) | ( 35, 92,3,39393939390) 
   1896 |   38 | ( 36, 96,3,39393939390) | ( 36, 96,3,39393939390) 
   1900 |   46 | ( 38,100,3,39393939390) | ( 37,100,3,39393939390) 
   1904 |   42 | ( 39,104,3,39393939390) | ( 39,104,3,39393939390) 
   1908 |   40 | ( 39,108,3,39393939390) | ( 39,108,3,39393939390) 
   1912 |   51 | ( 41,111,3,39393939390) | ( 40,112,3,39393939390) 
   1916 |   53 | ( 41,116,3,39393939390) | ( 40,116,3,39393939390) 
   1920 |   55 | ( 41,120,3,39393939390) | ( 40,120,3,39393939390) 
   1924 |   54 | ( 39,124,3,39393939390) | ( 39,124,3,39393939390) 
   1928 |   46 | ( 40,128,3,39393939390) | ( 40,128,3,39393939390) 
   1932 |   51 | ( 41,132,3,39393939390) | ( 41,132,3,39393939390) 
   1936 |   44 | ( 43,136,3,39393939390) | ( 42,136,3,39393939390) 
   1940 |   60 | ( 43,140,3,39393939390) | ( 42,140,3,39393939390) 
   1944 |   45 | ( 43,144,3,39393939390) | ( 42,144,3,39393939390) 
   1948 |   54 | ( 41,148,3,39393939390) | ( 41,148,3,39393939390) 
   1952 |   42 | ( 40,152,3,39393939390) | ( 39,152,3,39393939390) 
   1956 |   51 | ( 39,156,3,39393939390) | ( 38,156,3,39393939390) 
   1960 |   47 | ( 41,160,3,39393939390) | ( 39,160,3,39393939390) 
   1964 |   53 | ( 41,164,3,39393939390) | ( 40,164,3,39393939390) 
   1968 |   47 | ( 41,168,3,39393939390) | ( 40,168,3,39393939390) 
   1972 |   55 | ( 41,172,3,39393939390) | ( 40,172,3,39393939390) 
   2024 |   71 | ( 47,166,3,0000390) | ( 45,166,3,39393939390) <-- FORK
   2028 |   61 | ( 47,162,3,39393939391) | ( 45,162,3,39393939391) 
   2032 |   58 | ( 47,158,3,39393939391) | ( 45,158,3,39393939391) 
   2036 |   82 | ( 47,157,3,39393939391) | ( 45,157,3,39393939391) 
   2040 |   54 | ( 47,157,3,39393939391) | ( 45,157,3,39393939391) 
   2044 |   73 | ( 45,160,3,39393939391) | ( 44,160,3,39393939391) 
   2048 |   52 | ( 48,160,3,39393939391) | ( 48,160,3,39393939391) 
   2052 |   80 | ( 52,160,3,39393939391) | ( 52,160,3,39393939391) 
   2056 |   53 | ( 56,160,3,39393939391) | ( 56,160,3,39393939391) 
   2060 |   68 | ( 60,160,3,39393939391) | ( 60,160,3,39393939391) 
   2064 |   63 | ( 64,160,3,39393939391) | ( 64,160,3,39393939391) 
   2068 |   69 | ( 60,160,3,39393939391) | ( 60,160,3,39393939391) 
   2072 |   66 | ( 60,160,3,39393939391) | ( 60,160,2,39393939391) 

GAMEPLAY FORK (x/y >4px or enemies-remaining or score differ): row 52 raw_frame=2024 label=round1 diff=71
  differing addrs at fork: ['0x0', '0x12', '0x1c', '0x1f', '0x21', '0x22', '0x23', '0x25', '0x27', '0x28', '0x2d', '0x35', '0x3d', '0x62', '0x63', '0x84', '0x85', '0x86', '0x87', '0x8d', '0xd7', '0xda', '0xdb', '0xdd', '0xe1', '0xe4', '0xf0', '0xff', '0x169', '0x16a', '0x16b', '0x16c', '0x16d', '0x16e', '0x1f8', '0x1fd', '0x1fe', '0x203', '0x207', '0x210']
  row before fork (raw_frame 2020) diff=70 addrs: ['0x0', '0x13', '0x1c', '0x1f', '0x21', '0x22', '0x23', '0x25', '0x26', '0x27', '0x35', '0x62', '0x63', '0x84', '0x8d', '0x91', '0x94', '0x95', '0x96', '0x97', '0xda', '0xdd', '0xe4', '0xff', '0x14a', '0x18c', '0x18d', '0x18e', '0x1f8', '0x203', '0x207', '0x210', '0x211', '0x212', '0x213', '0x214', '0x215', '0x216', '0x217', '0x229']

Mesen shift+2 per-frame $0496 (enemies) sampled every 32 frames 1816..3500:
  1816:3 1848:3 1880:3 1912:3 1944:3 1976:3 2008:3 2040:3 2072:2 2104:2 2136:2 2168:2 2200:2 2232:2 2264:2 2296:2 2328:2 2360:2 2392:2 2424:2 2456:1 2488:1 2520:1 2552:1 2584:1 2616:1 2648:1 2680:1 2712:1 2744:1 2776:1 2808:1 2840:1 2872:1 2904:1 2936:1 2968:0 3000:0 3032:0 3064:0 3096:0 3128:0 3160:0 3192:0 3224:0 3256:0 3288:0 3320:0 3352:0 3384:0 3416:0 3448:0 3480:0
nes_core ref $0496 at action rows 1816..3200:
  1816:3 1848:3 1880:3 1912:3 1944:3 1976:3 2008:3 2040:3 2072:3 2104:2 2136:2 2168:2 2200:2 2232:2 2264:2 2296:2 2328:2 2360:2 2392:1 2424:1 2456:1 2488:1 2520:1 2552:1 2584:1 2616:0 2648:0 2680:0 2712:0 2744:0 2776:0 2808:0 2840:0 2872:0 2904:0 2936:0 2968:0 3000:0 3032:0 3064:0 3096:0 3128:0 3160:0 3192:0
