[nes_core fs=1 prefix] start_state byte-exact: True
[nes_core] lives->3 at raw_frame 257, round->1 at raw_frame 664

== Mesen shift=+0: lives->3 at raw_frame 273, round->1 at raw_frame 680
  cmp mesen_row=i+0-1: n=1815 exact=0 median=104 max=843 first_div_frame=1 n_at_first=82 addrs=['0x0', '0x1', '0x2', '0x85', '0xf9', '0xfa', '0xfe', '0xff', '0x100', '0x101', '0x1f8', '0x1f9', '0x1fa', '0x1fb', '0x1fc', '0x1fd', '0x1fe', '0x1ff', '0x200', '0x204']
      diff at last prefix row: 143; diff at frame 257: 173; at 680: 94
  cmp mesen_row=i+0+0: n=1816 exact=0 median=101 max=846 first_div_frame=1 n_at_first=17 addrs=['0x0', '0x1', '0x2', '0x84', '0x85', '0xf9', '0xfa', '0xfe', '0xff', '0x100', '0x101', '0x1fa', '0x1fb', '0x1fc', '0x1fd', '0x1fe', '0x1ff']
      diff at last prefix row: 145; diff at frame 257: 170; at 680: 96
  cmp mesen_row=i+0+1: n=1816 exact=1 median=96 max=845 first_div_frame=1 n_at_first=17 addrs=['0x0', '0x1', '0x2', '0x84', '0x85', '0xf9', '0xfa', '0xfe', '0xff', '0x100', '0x101', '0x1fa', '0x1fb', '0x1fc', '0x1fd', '0x1fe', '0x1ff']
      diff at last prefix row: 172; diff at frame 257: 160; at 680: 89
  cmp mesen_row=i+0+2: n=1816 exact=0 median=98 max=844 first_div_frame=1 n_at_first=73 addrs=['0x0', '0x2', '0x84', '0x85', '0xfa', '0x1f8', '0x1f9', '0x1fa', '0x1fc', '0x200', '0x204', '0x208', '0x20c', '0x210', '0x214', '0x218', '0x21c', '0x220', '0x224', '0x228']
      diff at last prefix row: 177; diff at frame 257: 167; at 680: 95

== Mesen shift=+1: lives->3 at raw_frame 274, round->1 at raw_frame 681
  cmp mesen_row=i+1-1: n=1816 exact=0 median=107 max=850 first_div_frame=1 n_at_first=17 addrs=['0x0', '0x1', '0x2', '0x84', '0x85', '0xf9', '0xfa', '0xfe', '0xff', '0x100', '0x101', '0x1fa', '0x1fb', '0x1fc', '0x1fd', '0x1fe', '0x1ff']
      diff at last prefix row: 151; diff at frame 257: 253; at 680: 117
  cmp mesen_row=i+1+0: n=1816 exact=1 median=100 max=849 first_div_frame=1 n_at_first=17 addrs=['0x0', '0x1', '0x2', '0x84', '0x85', '0xf9', '0xfa', '0xfe', '0xff', '0x100', '0x101', '0x1fa', '0x1fb', '0x1fc', '0x1fd', '0x1fe', '0x1ff']
      diff at last prefix row: 142; diff at frame 257: 170; at 680: 97
  cmp mesen_row=i+1+1: n=1816 exact=0 median=102 max=849 first_div_frame=1 n_at_first=73 addrs=['0x0', '0x2', '0x84', '0x85', '0xfa', '0x1f8', '0x1f9', '0x1fa', '0x1fc', '0x200', '0x204', '0x208', '0x20c', '0x210', '0x214', '0x218', '0x21c', '0x220', '0x224', '0x228']
      diff at last prefix row: 184; diff at frame 257: 166; at 680: 95
  cmp mesen_row=i+1+2: n=1816 exact=0 median=104 max=849 first_div_frame=1 n_at_first=85 addrs=['0x0', '0x1', '0x2', '0x5', '0x6', '0x21', '0x22', '0x23', '0x25', '0x84', '0x85', '0xfa', '0xfc', '0x1f8', '0x1f9', '0x1fa', '0x1fb', '0x1fc', '0x200', '0x204']
      diff at last prefix row: 181; diff at frame 257: 172; at 680: 100

== Mesen shift=+2: lives->3 at raw_frame 259, round->1 at raw_frame 666
  cmp mesen_row=i+2-1: n=1816 exact=1 median=17 max=80 first_div_frame=1 n_at_first=17 addrs=['0x0', '0x1', '0x2', '0x84', '0x85', '0xf9', '0xfa', '0xfe', '0xff', '0x100', '0x101', '0x1fa', '0x1fb', '0x1fc', '0x1fd', '0x1fe', '0x1ff']
      diff at last prefix row: 25; diff at frame 257: 45; at 680: 25
  cmp mesen_row=i+2+0: n=1816 exact=274 median=13 max=350 first_div_frame=1 n_at_first=73 addrs=['0x0', '0x2', '0x84', '0x85', '0xfa', '0x1f8', '0x1f9', '0x1fa', '0x1fc', '0x200', '0x204', '0x208', '0x20c', '0x210', '0x214', '0x218', '0x21c', '0x220', '0x224', '0x228']
      diff at last prefix row: 34; diff at frame 257: 26; at 680: 14
  cmp mesen_row=i+2+1: n=1816 exact=0 median=32 max=630 first_div_frame=1 n_at_first=85 addrs=['0x0', '0x1', '0x2', '0x5', '0x6', '0x21', '0x22', '0x23', '0x25', '0x84', '0x85', '0xfa', '0xfc', '0x1f8', '0x1f9', '0x1fa', '0x1fb', '0x1fc', '0x200', '0x204']
      diff at last prefix row: 80; diff at frame 257: 40; at 680: 34
  cmp mesen_row=i+2+2: n=1816 exact=0 median=36 max=699 first_div_frame=1 n_at_first=249 addrs=['0x0', '0x1', '0x2', '0x5', '0x6', '0x10', '0x16', '0x21', '0x22', '0x23', '0x25', '0x62', '0x63', '0x84', '0x85', '0xfa', '0xfc', '0xff', '0x12e', '0x12f']
      diff at last prefix row: 84; diff at frame 257: 56; at 680: 39

== Mesen shift=+3: lives->3 at raw_frame 260, round->1 at raw_frame 667
  cmp mesen_row=i+3-1: n=1816 exact=0 median=22 max=208 first_div_frame=1 n_at_first=73 addrs=['0x0', '0x2', '0x84', '0x85', '0xfa', '0x1f8', '0x1f9', '0x1fa', '0x1fc', '0x200', '0x204', '0x208', '0x20c', '0x210', '0x214', '0x218', '0x21c', '0x220', '0x224', '0x228']
      diff at last prefix row: 35; diff at frame 257: 50; at 680: 31
  cmp mesen_row=i+3+0: n=1816 exact=0 median=20 max=355 first_div_frame=1 n_at_first=85 addrs=['0x0', '0x1', '0x2', '0x5', '0x6', '0x21', '0x22', '0x23', '0x25', '0x84', '0x85', '0xfa', '0xfc', '0x1f8', '0x1f9', '0x1fa', '0x1fb', '0x1fc', '0x200', '0x204']
      diff at last prefix row: 40; diff at frame 257: 26; at 680: 16
  cmp mesen_row=i+3+1: n=1816 exact=0 median=36 max=635 first_div_frame=1 n_at_first=249 addrs=['0x0', '0x1', '0x2', '0x5', '0x6', '0x10', '0x16', '0x21', '0x22', '0x23', '0x25', '0x62', '0x63', '0x84', '0x85', '0xfa', '0xfc', '0xff', '0x12e', '0x12f']
      diff at last prefix row: 84; diff at frame 257: 41; at 680: 37
  cmp mesen_row=i+3+2: n=1816 exact=0 median=41 max=700 first_div_frame=1 n_at_first=262 addrs=['0x0', '0x1', '0x2', '0x5', '0x6', '0x10', '0x16', '0x1d', '0x1e', '0x1f', '0x20', '0x21', '0x22', '0x23', '0x25', '0x27', '0x62', '0x63', '0x84', '0x85']
      diff at last prefix row: 86; diff at frame 257: 57; at 680: 39

== Mesen shift=-1: lives->3 at raw_frame 272, round->1 at raw_frame 679
  cmp mesen_row=i+-1-1: n=1814 exact=0 median=104 max=841 first_div_frame=1 n_at_first=110 addrs=['0x0', '0x1', '0x5', '0x6', '0x21', '0x22', '0x23', '0x25', '0x62', '0x63', '0x85', '0xf9', '0xfa', '0xfc', '0xfe', '0xff', '0x100', '0x101', '0x1f8', '0x1f9']
      diff at last prefix row: 143; diff at frame 257: 181; at 680: 91
  cmp mesen_row=i+-1+0: n=1815 exact=0 median=99 max=837 first_div_frame=1 n_at_first=82 addrs=['0x0', '0x1', '0x2', '0x85', '0xf9', '0xfa', '0xfe', '0xff', '0x100', '0x101', '0x1f8', '0x1f9', '0x1fa', '0x1fb', '0x1fc', '0x1fd', '0x1fe', '0x1ff', '0x200', '0x204']
      diff at last prefix row: 141; diff at frame 257: 165; at 680: 93
  cmp mesen_row=i+-1+1: n=1816 exact=0 median=98 max=840 first_div_frame=1 n_at_first=17 addrs=['0x0', '0x1', '0x2', '0x84', '0x85', '0xf9', '0xfa', '0xfe', '0xff', '0x100', '0x101', '0x1fa', '0x1fb', '0x1fc', '0x1fd', '0x1fe', '0x1ff']
      diff at last prefix row: 176; diff at frame 257: 159; at 680: 88
  cmp mesen_row=i+-1+2: n=1816 exact=1 median=93 max=841 first_div_frame=1 n_at_first=17 addrs=['0x0', '0x1', '0x2', '0x84', '0x85', '0xf9', '0xfa', '0xfe', '0xff', '0x100', '0x101', '0x1fa', '0x1fb', '0x1fc', '0x1fd', '0x1fe', '0x1ff']
      diff at last prefix row: 170; diff at frame 257: 160; at 680: 88
