22:30:32 [INFO] train_game: [launcher] profile=mario_1_1_v27_taupin.yaml game=Mario 1-1 v27 preflight taupin num_envs=60 iters=2 resume=False
22:30:32 [INFO] src.training.trainer: [trainer] macOS malloc_zone_pressure_relief bound (all zones)
22:30:32 [INFO] src.training.trainer: Deterministic seed set: 0
22:30:32 [INFO] src.training.trainer: ROM roms/Super Mario Bros. (World).nes loaded: md5=8e3630186e35d477231bf8fd50e54cdd mapper=0 nes2.0=False. Add 'expected_md5: 8e3630186e35d477231bf8fd50e54cdd' to the profile to lock.
22:30:32 [INFO] src.training.trainer: Tile mode active: encoder=smb_tiles_pos, base_feature_dim=178, frame_stack=4, total_feature_dim=712
22:30:32 [INFO] src.training.trainer: Using device: cpu
22:30:32 [INFO] src.training.trainer: CPU device: capped torch intra-op threads to 1 (default 12) — small-tensor thread sync costs more than the math
22:30:32 [INFO] train_game: [launcher] checkpoint_dir = checkpoints/mario_1_1_v27_preflight_taupin
22:30:32 [INFO] train_game: [launcher] wrote run manifest: checkpoints/mario_1_1_v27_preflight_taupin/run_manifest.json
22:30:32 [INFO] src.training.trainer: [startup] metrics log reset + previous run archived: 0.00s
22:30:32 [INFO] src.training.trainer: [startup] audio mixer built: 0.00s
22:30:32 [INFO] src.training.trainer: [startup] pre-GA: 0.00s
22:30:32 [INFO] src.training.trainer: [policy] class=TilePolicyNetwork params=48135 (hidden=64, trunk/gru=32, features=712, actions=6)
22:30:32 [INFO] src.training.trainer: [policy] class=TilePolicyNetwork params=48135 (hidden=64, trunk/gru=32, features=712, actions=6)
22:30:32 [INFO] src.training.trainer: [policy] class=TilePolicyNetwork params=48135 (hidden=64, trunk/gru=32, features=712, actions=6)
22:30:32 [INFO] src.training.trainer: [policy] class=TilePolicyNetwork params=48135 (hidden=64, trunk/gru=32, features=712, actions=6)
22:30:32 [INFO] src.training.trainer: [policy] class=TilePolicyNetwork params=48135 (hidden=64, trunk/gru=32, features=712, actions=6)
22:30:32 [INFO] src.training.trainer: [policy] class=TilePolicyNetwork params=48135 (hidden=64, trunk/gru=32, features=712, actions=6)
22:30:32 [INFO] src.training.trainer: [policy] class=TilePolicyNetwork params=48135 (hidden=64, trunk/gru=32, features=712, actions=6)
22:30:32 [INFO] src.training.trainer: [policy] class=TilePolicyNetwork params=48135 (hidden=64, trunk/gru=32, features=712, actions=6)
22:30:32 [INFO] src.training.trainer: [policy] class=TilePolicyNetwork params=48135 (hidden=64, trunk/gru=32, features=712, actions=6)
22:30:32 [INFO] src.training.trainer: [policy] class=TilePolicyNetwork params=48135 (hidden=64, trunk/gru=32, features=712, actions=6)
22:30:32 [INFO] src.training.trainer: [policy] class=TilePolicyNetwork params=48135 (hidden=64, trunk/gru=32, features=712, actions=6)
22:30:32 [INFO] src.training.trainer: [policy] class=TilePolicyNetwork params=48135 (hidden=64, trunk/gru=32, features=712, actions=6)
22:30:32 [INFO] src.training.trainer: [policy] class=TilePolicyNetwork params=48135 (hidden=64, trunk/gru=32, features=712, actions=6)
22:30:32 [INFO] src.training.trainer: [policy] class=TilePolicyNetwork params=48135 (hidden=64, trunk/gru=32, features=712, actions=6)
22:30:32 [INFO] src.training.trainer: [policy] class=TilePolicyNetwork params=48135 (hidden=64, trunk/gru=32, features=712, actions=6)
22:30:32 [INFO] src.training.trainer: [policy] class=TilePolicyNetwork params=48135 (hidden=64, trunk/gru=32, features=712, actions=6)
22:30:32 [INFO] src.training.trainer: [policy] class=TilePolicyNetwork params=48135 (hidden=64, trunk/gru=32, features=712, actions=6)
22:30:32 [INFO] src.training.trainer: [policy] class=TilePolicyNetwork params=48135 (hidden=64, trunk/gru=32, features=712, actions=6)
22:30:32 [INFO] src.training.trainer: [policy] class=TilePolicyNetwork params=48135 (hidden=64, trunk/gru=32, features=712, actions=6)
22:30:32 [INFO] src.training.trainer: [policy] class=TilePolicyNetwork params=48135 (hidden=64, trunk/gru=32, features=712, actions=6)
22:30:32 [INFO] src.training.trainer: [policy] class=TilePolicyNetwork params=48135 (hidden=64, trunk/gru=32, features=712, actions=6)
22:30:32 [INFO] src.training.trainer: [policy] class=TilePolicyNetwork params=48135 (hidden=64, trunk/gru=32, features=712, actions=6)
22:30:32 [INFO] src.training.trainer: [policy] class=TilePolicyNetwork params=48135 (hidden=64, trunk/gru=32, features=712, actions=6)
22:30:32 [INFO] src.training.trainer: [policy] class=TilePolicyNetwork params=48135 (hidden=64, trunk/gru=32, features=712, actions=6)
22:30:32 [INFO] src.training.trainer: [policy] class=TilePolicyNetwork params=48135 (hidden=64, trunk/gru=32, features=712, actions=6)
22:30:32 [INFO] src.training.trainer: [policy] class=TilePolicyNetwork params=48135 (hidden=64, trunk/gru=32, features=712, actions=6)
22:30:32 [INFO] src.training.trainer: [policy] class=TilePolicyNetwork params=48135 (hidden=64, trunk/gru=32, features=712, actions=6)
22:30:32 [INFO] src.training.trainer: [policy] class=TilePolicyNetwork params=48135 (hidden=64, trunk/gru=32, features=712, actions=6)
22:30:32 [INFO] src.training.trainer: [policy] class=TilePolicyNetwork params=48135 (hidden=64, trunk/gru=32, features=712, actions=6)
22:30:32 [INFO] src.training.trainer: [policy] class=TilePolicyNetwork params=48135 (hidden=64, trunk/gru=32, features=712, actions=6)
22:30:32 [INFO] src.training.trainer: [policy] class=TilePolicyNetwork params=48135 (hidden=64, trunk/gru=32, features=712, actions=6)
22:30:32 [INFO] src.training.trainer: [policy] class=TilePolicyNetwork params=48135 (hidden=64, trunk/gru=32, features=712, actions=6)
22:30:32 [INFO] src.training.trainer: [policy] class=TilePolicyNetwork params=48135 (hidden=64, trunk/gru=32, features=712, actions=6)
22:30:32 [INFO] src.training.trainer: [policy] class=TilePolicyNetwork params=48135 (hidden=64, trunk/gru=32, features=712, actions=6)
22:30:32 [INFO] src.training.trainer: [policy] class=TilePolicyNetwork params=48135 (hidden=64, trunk/gru=32, features=712, actions=6)
22:30:32 [INFO] src.training.trainer: [policy] class=TilePolicyNetwork params=48135 (hidden=64, trunk/gru=32, features=712, actions=6)
22:30:32 [INFO] src.training.trainer: [policy] class=TilePolicyNetwork params=48135 (hidden=64, trunk/gru=32, features=712, actions=6)
22:30:32 [INFO] src.training.trainer: [policy] class=TilePolicyNetwork params=48135 (hidden=64, trunk/gru=32, features=712, actions=6)
22:30:32 [INFO] src.training.trainer: [policy] class=TilePolicyNetwork params=48135 (hidden=64, trunk/gru=32, features=712, actions=6)
22:30:32 [INFO] src.training.trainer: [policy] class=TilePolicyNetwork params=48135 (hidden=64, trunk/gru=32, features=712, actions=6)
22:30:32 [INFO] src.training.trainer: [policy] class=TilePolicyNetwork params=48135 (hidden=64, trunk/gru=32, features=712, actions=6)
22:30:32 [INFO] src.training.trainer: [policy] class=TilePolicyNetwork params=48135 (hidden=64, trunk/gru=32, features=712, actions=6)
22:30:32 [INFO] src.training.trainer: [policy] class=TilePolicyNetwork params=48135 (hidden=64, trunk/gru=32, features=712, actions=6)
22:30:32 [INFO] src.training.trainer: [policy] class=TilePolicyNetwork params=48135 (hidden=64, trunk/gru=32, features=712, actions=6)
22:30:32 [INFO] src.training.trainer: [policy] class=TilePolicyNetwork params=48135 (hidden=64, trunk/gru=32, features=712, actions=6)
22:30:32 [INFO] src.training.trainer: [policy] class=TilePolicyNetwork params=48135 (hidden=64, trunk/gru=32, features=712, actions=6)
22:30:32 [INFO] src.training.trainer: [policy] class=TilePolicyNetwork params=48135 (hidden=64, trunk/gru=32, features=712, actions=6)
22:30:32 [INFO] src.training.trainer: [policy] class=TilePolicyNetwork params=48135 (hidden=64, trunk/gru=32, features=712, actions=6)
22:30:32 [INFO] src.training.trainer: [policy] class=TilePolicyNetwork params=48135 (hidden=64, trunk/gru=32, features=712, actions=6)
22:30:32 [INFO] src.training.trainer: [policy] class=TilePolicyNetwork params=48135 (hidden=64, trunk/gru=32, features=712, actions=6)
22:30:32 [INFO] src.training.trainer: [policy] class=TilePolicyNetwork params=48135 (hidden=64, trunk/gru=32, features=712, actions=6)
22:30:32 [INFO] src.training.trainer: [policy] class=TilePolicyNetwork params=48135 (hidden=64, trunk/gru=32, features=712, actions=6)
22:30:32 [INFO] src.training.trainer: [policy] class=TilePolicyNetwork params=48135 (hidden=64, trunk/gru=32, features=712, actions=6)
22:30:32 [INFO] src.training.trainer: [policy] class=TilePolicyNetwork params=48135 (hidden=64, trunk/gru=32, features=712, actions=6)
22:30:32 [INFO] src.training.trainer: [policy] class=TilePolicyNetwork params=48135 (hidden=64, trunk/gru=32, features=712, actions=6)
22:30:32 [INFO] src.training.trainer: [policy] class=TilePolicyNetwork params=48135 (hidden=64, trunk/gru=32, features=712, actions=6)
22:30:32 [INFO] src.training.trainer: [policy] class=TilePolicyNetwork params=48135 (hidden=64, trunk/gru=32, features=712, actions=6)
22:30:32 [INFO] src.training.trainer: [policy] class=TilePolicyNetwork params=48135 (hidden=64, trunk/gru=32, features=712, actions=6)
22:30:32 [INFO] src.training.trainer: [policy] class=TilePolicyNetwork params=48135 (hidden=64, trunk/gru=32, features=712, actions=6)
22:30:32 [INFO] src.training.trainer: [policy] class=TilePolicyNetwork params=48135 (hidden=64, trunk/gru=32, features=712, actions=6)
22:30:32 [INFO] src.training.trainer: [startup] GA init / resume: 0.07s
[nes_core::Pool] start state runs/live_show/smb_4_4_micro/entrance_start.state: NCST binary format (21159 body bytes, 1 prefix strips)
22:30:32 [INFO] src.training.trainer: Pool headless=ON (no frame sink) — skipping RGB frame render; policy obs (RAM / preprocessed) unaffected.
22:30:32 [INFO] src.training.trainer: Pool skip_preprocess=ON (tile mode) — skipping the 84x84 gray+resize kernel; policy reads RAM (ram_snapshot).
22:30:32 [INFO] src.training.trainer: Pool panic_isolation=OFF — production fast path. Worker panics may abort the process.
22:30:32 [INFO] src.training.trainer: [startup] pool.start (workers spawned): 0.00s
22:30:32 [INFO] src.training.trainer: [startup] reset_all (first frames published): 0.01s
22:30:32 [INFO] src.training.trainer: [startup] ready — beginning training
22:30:32 [INFO] src.training.trainer: [policy] class=TilePolicyNetwork params=48135 (hidden=64, trunk/gru=32, features=712, actions=6)
22:30:32 [INFO] src.training.exploration_controller: [vanilla_ppo] RND enabled (tile_mlp): predictor=116544 params, intrinsic_coef=0.100, loss_coef=1.000
22:30:33 [INFO] src.training.checkpoint_manager: [vanilla_ppo] wrote run manifest: checkpoints/mario_1_1_v27_preflight_taupin/run_manifest.json
22:30:33 [INFO] src.training.trainer: [vanilla_ppo] curriculum starting fresh at stage 0 (all envs train 1-1; advance when rolling-mean clear fraction over 5 iters >= 50%)
22:30:33 [INFO] src.training.trainer: [backward] ENABLED: 785 states (15 MB) from checkpoints/backward_states/1-1-v27 | tau0=428 window=160 frames (40 entries) advance=+40 entries at >=0.20 over 30 attempts | entrance_weight=1.00
22:30:33 [INFO] src.training.trainer: [vanilla_ppo] STICKY TRAINING on: p=0.25 (executed-action log-probs; eval protocol parity) boundary_reset=True
22:30:58 [INFO] src.training.trainer: [vanilla_ppo] iter 0: completed_eps=380  mean_return=408.3  mean_len=113.3  in_progress=60  ip_return=805.3  ip_len=306.4  clears=21  loss=7.4736  policy=0.0309  value=29.7737  entropy=1.7712
22:30:58 [INFO] src.training.trainer: [vanilla_ppo] iter 0 throughput: 2394 env-steps/s | 9575 NES-fps | 160x realtime | 25.67 s/iter
22:30:58 [INFO] src.training.trainer: [backward] iter 0: tau=428/784 (step 407 frame 900014 gx 1918) trailing 1/30=0.03 (advance at >=0.20 over 30) advances=0 | entrance 0/5=0.000 | truncated 0
22:31:23 [INFO] src.training.trainer: [vanilla_ppo] iter 1: completed_eps=761  mean_return=317.6  mean_len=63.2  in_progress=60  ip_return=763.9  ip_len=222.3  clears=22  loss=8.2352  policy=0.0043  value=32.9276  entropy=1.7481
22:31:23 [INFO] src.training.trainer: [vanilla_ppo] iter 1 throughput: 2464 env-steps/s | 9855 NES-fps | 164x realtime | 24.94 s/iter
22:31:23 [INFO] src.training.trainer: [backward] iter 1: tau=388/784 (step 371 frame 900001 gx 1682) trailing 2/30=0.07 (advance at >=0.20 over 30) advances=1 | entrance 0/19=0.000 | truncated 43
